Archive member included to satisfy reference by file (symbol)

C:/Users/DuyThanh/mingw64/bin/../lib/gcc/x86_64-w64-mingw32/13.2.0/../../../../x86_64-w64-mingw32/lib/../lib/libmingw32.a(lib64_libmingw32_a-gccmain.o)
                              C:/Users/DuyThanh/mingw64/bin/../lib/gcc/x86_64-w64-mingw32/13.2.0/../../../../x86_64-w64-mingw32/lib/../lib/dllcrt2.o (__main)
C:/Users/DuyThanh/mingw64/bin/../lib/gcc/x86_64-w64-mingw32/13.2.0/../../../../x86_64-w64-mingw32/lib/../lib/libmingw32.a(lib64_libmingw32_a-natstart.o)
                              C:/Users/DuyThanh/mingw64/bin/../lib/gcc/x86_64-w64-mingw32/13.2.0/../../../../x86_64-w64-mingw32/lib/../lib/dllcrt2.o (__native_startup_lock)
C:/Users/DuyThanh/mingw64/bin/../lib/gcc/x86_64-w64-mingw32/13.2.0/../../../../x86_64-w64-mingw32/lib/../lib/libmingw32.a(lib64_libmingw32_a-tlssup.o)
                              C:/Users/DuyThanh/mingw64/bin/../lib/gcc/x86_64-w64-mingw32/13.2.0/../../../../x86_64-w64-mingw32/lib/../lib/dllcrt2.o (__dyn_tls_init_callback)
C:/Users/DuyThanh/mingw64/bin/../lib/gcc/x86_64-w64-mingw32/13.2.0/../../../../x86_64-w64-mingw32/lib/../lib/libmingw32.a(lib64_libmingw32_a-cinitexe.o)
                              C:/Users/DuyThanh/mingw64/bin/../lib/gcc/x86_64-w64-mingw32/13.2.0/../../../../x86_64-w64-mingw32/lib/../lib/dllcrt2.o (__xc_z)
C:/Users/DuyThanh/mingw64/bin/../lib/gcc/x86_64-w64-mingw32/13.2.0/../../../../x86_64-w64-mingw32/lib/../lib/libmingw32.a(lib64_libmingw32_a-mingw_helpers.o)
                              C:/Users/DuyThanh/mingw64/bin/../lib/gcc/x86_64-w64-mingw32/13.2.0/../../../../x86_64-w64-mingw32/lib/../lib/dllcrt2.o (__mingw_app_type)
C:/Users/DuyThanh/mingw64/bin/../lib/gcc/x86_64-w64-mingw32/13.2.0/../../../../x86_64-w64-mingw32/lib/../lib/libmingw32.a(lib64_libmingw32_a-pseudo-reloc.o)
                              C:/Users/DuyThanh/mingw64/bin/../lib/gcc/x86_64-w64-mingw32/13.2.0/../../../../x86_64-w64-mingw32/lib/../lib/dllcrt2.o (_pei386_runtime_relocator)
C:/Users/DuyThanh/mingw64/bin/../lib/gcc/x86_64-w64-mingw32/13.2.0/../../../../x86_64-w64-mingw32/lib/../lib/libmingw32.a(lib64_libmingw32_a-tlsthrd.o)
                              C:/Users/DuyThanh/mingw64/bin/../lib/gcc/x86_64-w64-mingw32/13.2.0/../../../../x86_64-w64-mingw32/lib/../lib/libmingw32.a(lib64_libmingw32_a-tlssup.o) (__mingw_TLScallback)
C:/Users/DuyThanh/mingw64/bin/../lib/gcc/x86_64-w64-mingw32/13.2.0/../../../../x86_64-w64-mingw32/lib/../lib/libmingw32.a(lib64_libmingw32_a-tlsmcrt.o)
                              C:/Users/DuyThanh/mingw64/bin/../lib/gcc/x86_64-w64-mingw32/13.2.0/../../../../x86_64-w64-mingw32/lib/../lib/libmingw32.a(lib64_libmingw32_a-tlssup.o) (_CRT_MT)
C:/Users/DuyThanh/mingw64/bin/../lib/gcc/x86_64-w64-mingw32/13.2.0/../../../../x86_64-w64-mingw32/lib/../lib/libmingw32.a(lib64_libmingw32_a-exit_wrappers.o)
                              C:\Users\DuyThanh\AppData\Local\Temp\ccRJjOEn.o (exit)
C:/Users/DuyThanh/mingw64/bin/../lib/gcc/x86_64-w64-mingw32/13.2.0/../../../../x86_64-w64-mingw32/lib/../lib/libmingw32.a(lib64_libmingw32_a-pseudo-reloc-list.o)
                              C:/Users/DuyThanh/mingw64/bin/../lib/gcc/x86_64-w64-mingw32/13.2.0/../../../../x86_64-w64-mingw32/lib/../lib/libmingw32.a(lib64_libmingw32_a-pseudo-reloc.o) (__RUNTIME_PSEUDO_RELOC_LIST__)
C:/Users/DuyThanh/mingw64/bin/../lib/gcc/x86_64-w64-mingw32/13.2.0/../../../../x86_64-w64-mingw32/lib/../lib/libmingw32.a(lib64_libmingw32_a-pesect.o)
                              C:/Users/DuyThanh/mingw64/bin/../lib/gcc/x86_64-w64-mingw32/13.2.0/../../../../x86_64-w64-mingw32/lib/../lib/libmingw32.a(lib64_libmingw32_a-pseudo-reloc.o) (__mingw_GetSectionForAddress)
C:/Users/DuyThanh/mingw64/bin/../lib/gcc/x86_64-w64-mingw32/13.2.0/../../../../x86_64-w64-mingw32/lib/../lib/libmingw32.a(lib64_libmingw32_a-CRT_fp10.o)
                              C:/Users/DuyThanh/mingw64/bin/../lib/gcc/x86_64-w64-mingw32/13.2.0/../../../../x86_64-w64-mingw32/lib/../lib/libmingw32.a(lib64_libmingw32_a-tlsthrd.o) (_fpreset)
C:/Users/DuyThanh/mingw64/bin/../lib/gcc/x86_64-w64-mingw32/13.2.0/libgcc.a(_chkstk_ms.o)
                              C:\Users\DuyThanh\AppData\Local\Temp\cclGozRv.o (___chkstk_ms)
C:/Users/DuyThanh/mingw64/bin/../lib/gcc/x86_64-w64-mingw32/13.2.0/libgcc.a(_ctors.o)
                              C:/Users/DuyThanh/mingw64/bin/../lib/gcc/x86_64-w64-mingw32/13.2.0/../../../../x86_64-w64-mingw32/lib/../lib/libmingw32.a(lib64_libmingw32_a-gccmain.o) (__DTOR_LIST__)
C:/Users/DuyThanh/mingw64/bin/../lib/gcc/x86_64-w64-mingw32/13.2.0/../../../../x86_64-w64-mingw32/lib/../lib/libmingwex.a(lib64_libmingwex_a-dllentry.o)
                              C:/Users/DuyThanh/mingw64/bin/../lib/gcc/x86_64-w64-mingw32/13.2.0/../../../../x86_64-w64-mingw32/lib/../lib/dllcrt2.o (DllEntryPoint)
C:/Users/DuyThanh/mingw64/bin/../lib/gcc/x86_64-w64-mingw32/13.2.0/../../../../x86_64-w64-mingw32/lib/../lib/libmingwex.a(lib64_libmingwex_a-dllmain.o)
[...]
Memory Configuration

Name             Origin             Length             Attributes
*default*        0x0000000000000000 0xffffffffffffffff

Linker script and memory map

                0x0000000337440000                __image_base__ = 0x337440000
                0x0000000000000000                __dll__ = 0x0
                0x0000000337440000                __ImageBase = 0x337440000
                0x0000000000001000                __section_alignment__ = 0x1000
                0x0000000000000200                __file_alignment__ = 0x200
                0x0000000000000004                __major_os_version__ = 0x4
                0x0000000000000000                __minor_os_version__ = 0x0
                0x0000000000000000                __major_image_version__ = 0x0
                0x0000000000000000                __minor_image_version__ = 0x0
                0x0000000000000005                __major_subsystem_version__ = 0x5
                0x0000000000000002                __minor_subsystem_version__ = 0x2
                0x0000000000000003                __subsystem__ = 0x3
                0x0000000000200000                __size_of_stack_reserve__ = 0x200000
                0x0000000000001000                __size_of_stack_commit__ = 0x1000
                0x0000000000100000                __size_of_heap_reserve__ = 0x100000
                0x0000000000001000                __size_of_heap_commit__ = 0x1000
                0x0000000000000000                __loader_flags__ = 0x0
                0x0000000000000160                __dll_characteristics__ = 0x160
LOAD C:/Users/DuyThanh/mingw64/bin/../lib/gcc/x86_64-w64-mingw32/13.2.0/../../../../x86_64-w64-mingw32/lib/../lib/dllcrt2.o
LOAD C:/Users/DuyThanh/mingw64/bin/../lib/gcc/x86_64-w64-mingw32/13.2.0/crtbegin.o
LOAD C:\Users\DuyThanh\AppData\Local\Temp\ccRJjOEn.o
LOAD C:\Users\DuyThanh\AppData\Local\Temp\cclGozRv.o
LOAD C:\Users\DuyThanh\AppData\Local\Temp\ccsXH6CC.o
LOAD C:/Users/DuyThanh/mingw64/bin/../lib/gcc/x86_64-w64-mingw32/13.2.0/../../../../x86_64-w64-mingw32/lib/../lib/libmingw32.a
LOAD C:/Users/DuyThanh/mingw64/bin/../lib/gcc/x86_64-w64-mingw32/13.2.0/../../../../x86_64-w64-mingw32/lib/../lib/libgcc_s.a
LOAD C:/Users/DuyThanh/mingw64/bin/../lib/gcc/x86_64-w64-mingw32/13.2.0/libgcc.a
LOAD C:/Users/DuyThanh/mingw64/bin/../lib/gcc/x86_64-w64-mingw32/13.2.0/../../../../x86_64-w64-mingw32/lib/../lib/libmoldname.a
LOAD C:/Users/DuyThanh/mingw64/bin/../lib/gcc/x86_64-w64-mingw32/13.2.0/../../../../x86_64-w64-mingw32/lib/../lib/libmingwex.a
LOAD C:/Users/DuyThanh/mingw64/bin/../lib/gcc/x86_64-w64-mingw32/13.2.0/../../../../x86_64-w64-mingw32/lib/../lib/libmsvcrt.a
LOAD C:/Users/DuyThanh/mingw64/bin/../lib/gcc/x86_64-w64-mingw32/13.2.0/../../../../x86_64-w64-mingw32/lib/../lib/libkernel32.a
LOAD C:/Users/DuyThanh/mingw64/bin/../lib/gcc/x86_64-w64-mingw32/13.2.0/../../../../x86_64-w64-mingw32/lib/../lib/libpthread.dll.a
LOAD C:/Users/DuyThanh/mingw64/bin/../lib/gcc/x86_64-w64-mingw32/13.2.0/../../../../x86_64-w64-mingw32/lib/../lib/libadvapi32.a
LOAD C:/Users/DuyThanh/mingw64/bin/../lib/gcc/x86_64-w64-mingw32/13.2.0/../../../../x86_64-w64-mingw32/lib/../lib/libshell32.a
LOAD C:/Users/DuyThanh/mingw64/bin/../lib/gcc/x86_64-w64-mingw32/13.2.0/../../../../x86_64-w64-mingw32/lib/../lib/libuser32.a
LOAD C:/Users/DuyThanh/mingw64/bin/../lib/gcc/x86_64-w64-mingw32/13.2.0/../../../../x86_64-w64-mingw32/lib/../lib/libkernel32.a
LOAD C:/Users/DuyThanh/mingw64/bin/../lib/gcc/x86_64-w64-mingw32/13.2.0/../../../../x86_64-w64-mingw32/lib/../lib/libiconv.a
LOAD C:/Users/DuyThanh/mingw64/bin/../lib/gcc/x86_64-w64-mingw32/13.2.0/../../../../x86_64-w64-mingw32/lib/../lib/libmingw32.a
LOAD C:/Users/DuyThanh/mingw64/bin/../lib/gcc/x86_64-w64-mingw32/13.2.0/../../../../x86_64-w64-mingw32/lib/../lib/libgcc_s.a
LOAD C:/Users/DuyThanh/mingw64/bin/../lib/gcc/x86_64-w64-mingw32/13.2.0/libgcc.a
LOAD C:/Users/DuyThanh/mingw64/bin/../lib/gcc/x86_64-w64-mingw32/13.2.0/../../../../x86_64-w64-mingw32/lib/../lib/libmoldname.a
LOAD C:/Users/DuyThanh/mingw64/bin/../lib/gcc/x86_64-w64-mingw32/13.2.0/../../../../x86_64-w64-mingw32/lib/../lib/libmingwex.a
LOAD C:/Users/DuyThanh/mingw64/bin/../lib/gcc/x86_64-w64-mingw32/13.2.0/../../../../x86_64-w64-mingw32/lib/../lib/libmsvcrt.a
LOAD C:/Users/DuyThanh/mingw64/bin/../lib/gcc/x86_64-w64-mingw32/13.2.0/../../../../x86_64-w64-mingw32/lib/../lib/libkernel32.a
LOAD C:/Users/DuyThanh/mingw64/bin/../lib/gcc/x86_64-w64-mingw32/13.2.0/crtend.o
                0x00000000000004a8                . = SIZEOF_HEADERS
                0x0000000000001000                . = ALIGN (__section_alignment__)

.text           0x0000000337441000    0xc5200
 *(SORT_NONE(.init))
 *(.text)
 .text          0x0000000337441000      0x350 C:/Users/DuyThanh/mingw64/bin/../lib/gcc/x86_64-w64-mingw32/13.2.0/../../../../x86_64-w64-mingw32/lib/../lib/dllcrt2.o
                0x0000000337441010                _CRT_INIT
                0x0000000337441320                DllMainCRTStartup
                0x0000000337441340                atexit
 .text          0x0000000337441350       0x20 C:/Users/DuyThanh/mingw64/bin/../lib/gcc/x86_64-w64-mingw32/13.2.0/crtbegin.o
                0x0000000337441350                __gcc_register_frame
                0x0000000337441360                __gcc_deregister_frame
 .text          0x0000000337441370      0x530 C:\Users\DuyThanh\AppData\Local\Temp\ccRJjOEn.o
                0x00000003374413b2                init
                0x00000003374413ed                close
                0x0000000337441420                SQL_OpenDB
                0x0000000337441472                SQL_CloseDB
                0x00000003374414a7                SQL_Exec
                0x0000000337441538                callback
                0x0000000337441545                Add
                0x0000000337441549                b64_encoded_size
                0x0000000337441593                b64_encode
                0x00000003374416a5                b64_decoded_size
                0x0000000337441701                b64_generate_decode_table
                0x000000033744170d                b64_isvalidchar
                0x000000033744174a                b64_decode
 .text          0x00000003374418a0    0x20a40 C:\Users\DuyThanh\AppData\Local\Temp\cclGozRv.o
                0x000000033744669b                dummyCompare
                0x00000003374466ba                dummyUDF
                0x00000003374466d9                dummyUDFvalue
                0x0000000337448884                useDummyCS
                0x0000000337453cfe                sqlite3MemTraceActivate
                0x0000000337453d4a                sqlite3MemTraceDeactivate
                0x0000000337453da1                sqlite3PcacheTraceActivate
                0x0000000337453ded                sqlite3PcacheTraceDeactivate
                0x0000000337453e44                sqlite3_shathree_init
                0x0000000337453f67                sqlite3_uint_init
                0x0000000337453f94                sqlite3_decimal_init
                0x0000000337454092                sqlite3_base64_init
                0x00000003374540da                sqlite3_base85_init
                0x0000000337454122                sqlite3_ieee_init
                0x0000000337454186                sqlite3_series_init
                0x00000003374541dc                sqlite3_regexp_init
                0x000000033745426d                sqlite3_fileio_init
                0x000000033745436f                sqlite3CompletionVtabInit
                0x0000000337454391                sqlite3_completion_init
                0x000000033745439f                sqlite3_appendvfs_init
                0x00000003374543f5                registerUDFs
                0x0000000337454664                sqlite3_expert_config
                0x00000003374546b8                sqlite3_expert_sql
                0x000000033745486a                sqlite3_expert_analyze
                0x0000000337455778                sqlite3_expert_count
                0x000000033745578c                sqlite3_expert_report
                0x0000000337455811                sqlite3_expert_destroy
                0x00000003374558aa                sqlite3_expert_new
                0x00000003374572f0                deduceDatabaseType
                0x0000000337457fb5                close_db
                0x000000033745812d                shellDeleteFile
                0x0000000337460a64                shellReset
                0x0000000337460aaf                main
 .text          0x00000003374622e0    0x95c90 C:\Users\DuyThanh\AppData\Local\Temp\ccsXH6CC.o
                0x0000000337462522                sqlite3_mutex_free
                0x0000000337462537                sqlite3_mutex_enter
                0x000000033746254c                sqlite3_mutex_try
                0x0000000337462565                sqlite3_mutex_leave
                0x0000000337462595                sqlite3_release_memory
                0x000000033746261a                sqlite3_msize
                0x0000000337462676                sqlite3_str_errcode
                0x0000000337462687                sqlite3_str_length
                0x0000000337462695                sqlite3_str_value
                0x00000003374629d7                sqlite3_stricmp
                0x00000003374629fb                sqlite3_strnicmp
                0x0000000337464c3f                sqlite3_database_file_object
                0x0000000337465237                sqlite3_enable_shared_cache
                0x0000000337465b6b                sqlite3_backup_remaining
                0x0000000337465b6f                sqlite3_backup_pagecount
                0x000000033746630b                sqlite3_expired
                0x00000003374663a2                sqlite3_value_double
                0x00000003374663b0                sqlite3_value_int
                0x00000003374663be                sqlite3_value_int64
                0x00000003374663cc                sqlite3_value_subtype
                0x00000003374663dc                sqlite3_value_type
                0x00000003374663ef                sqlite3_value_encoding
                0x00000003374663f4                sqlite3_value_nochange
                0x0000000337466405                sqlite3_value_frombind
                0x0000000337466411                sqlite3_result_subtype
                0x000000033746641e                sqlite3_user_data
                0x0000000337466427                sqlite3_context_db_handle
                0x0000000337466491                sqlite3_get_auxdata
                0x00000003374664cb                sqlite3_aggregate_count
                0x00000003374664d3                sqlite3_column_count
                0x00000003374664e7                sqlite3_data_count
                0x000000033746650c                sqlite3_bind_parameter_count
                0x000000033746651b                sqlite3_bind_parameter_name
                0x000000033746653a                sqlite3_db_handle
                0x0000000337466548                sqlite3_stmt_readonly
                0x0000000337466560                sqlite3_stmt_isexplain
                0x0000000337466578                sqlite3_stmt_busy
                0x0000000337466590                sqlite3_next_stmt
                0x00000003374665c7                sqlite3_sql
                0x0000000337466673                sqlite3_blob_bytes
                0x0000000337467c3c                sqlite3_set_authorizer
                0x0000000337468df5                sqlite3_cancel_auto_extension
                0x00000003374699b9                sqlite3_vtab_on_conflict
                0x000000033746a253                sqlite3_vtab_in
                0x000000033746a297                sqlite3_vtab_distinct
                0x000000033746a74f                sqlite3_keyword_name
                0x000000033746a78e                sqlite3_keyword_count
                0x000000033746b069                sqlite3_complete
                0x000000033746b44e                sqlite3_libversion
                0x000000033746b456                sqlite3_libversion_number
                0x000000033746b45c                sqlite3_threadsafe
                0x000000033746b4be                sqlite3_db_mutex
                0x000000033746b50f                sqlite3_last_insert_rowid
                0x000000033746b514                sqlite3_set_last_insert_rowid
                0x000000033746b53e                sqlite3_changes64
                0x000000033746b543                sqlite3_total_changes64
                0x000000033746b59d                sqlite3_txn_state
                0x000000033746b753                sqlite3_busy_handler
                0x000000033746b7a4                sqlite3_progress_handler
                0x000000033746b7fe                sqlite3_busy_timeout
                0x000000033746b840                sqlite3_trace
                0x000000033746b890                sqlite3_trace_v2
                0x000000033746b8eb                sqlite3_profile
                0x000000033746b944                sqlite3_commit_hook
                0x000000033746b988                sqlite3_update_hook
                0x000000033746b9cc                sqlite3_rollback_hook
                0x000000033746ba10                sqlite3_autovacuum_pages
                0x000000033746ba6e                sqlite3_wal_hook
                0x000000033746bab2                sqlite3_wal_autocheckpoint
                0x000000033746bae5                sqlite3_system_errno
                0x000000033746baf3                sqlite3_errstr
                0x000000033746bb01                sqlite3_limit
                0x000000033746bb4d                sqlite3_collation_needed
                0x000000033746bb95                sqlite3_collation_needed16
                0x000000033746bbdd                sqlite3_get_autocommit
                0x000000033746bbe2                sqlite3_thread_cleanup
                0x000000033746bbe3                sqlite3_extended_result_codes
                0x000000033746bc37                sqlite3_filename_database
                0x000000033746bc88                sqlite3_db_name
                0x000000033746bcac                sqlite3_db_filename
                0x000000033746bcd0                sqlite3_db_readonly
                0x000000033746bcf5                sqlite3_compileoption_get
                0x000000033746c747                sqlite3_sourceid
                0x000000033746c793                sqlite3_interrupt
                0x000000033746dedb                sqlite3_value_pointer
                0x000000033746dfe9                sqlite3_get_clientdata
                0x000000033746e314                sqlite3_uri_parameter
                0x000000033746e393                sqlite3_uri_boolean
                0x000000033746e3c0                sqlite3_uri_key
                0x000000033746e432                sqlite3_filename_journal
                0x000000033746e48c                sqlite3_filename_wal
                0x000000033746f117                sqlite3_is_interrupted
                0x000000033746f23b                sqlite3_uri_int64
                0x000000033746f98a                sqlite3_strglob
                0x000000033746fc36                sqlite3_strlike
                0x0000000337470251                sqlite3_total_changes
                0x0000000337470258                sqlite3_changes
                0x000000033747025c                sqlite3_keyword_check
                0x000000033747046b                sqlite3_bind_parameter_index
                0x00000003374704a9                sqlite3_vtab_nochange
                0x00000003374707e2                sqlite3_value_numeric_type
                0x000000033747094a                sqlite3_db_release_memory
                0x0000000337471798                sqlite3_free
                0x0000000337471890                sqlite3_str_reset
                0x00000003374721c1                sqlite3_column_double
                0x00000003374721f8                sqlite3_column_int
                0x0000000337472222                sqlite3_column_int64
                0x000000033747224d                sqlite3_column_value
                0x0000000337472283                sqlite3_column_type
                0x00000003374722ac                sqlite3_result_double
                0x000000033747232b                sqlite3_result_int
                0x00000003374723af                sqlite3_result_int64
                0x0000000337472412                sqlite3_result_null
                0x00000003374726e6                sqlite3_clear_bindings
                0x0000000337472874                sqlite3_transfer_bindings
                0x000000033747291e                sqlite3_result_pointer
                0x0000000337472996                sqlite3_value_free
                0x0000000337473a46                sqlite3_free_table
                0x0000000337473b49                sqlite3_free_filename
                0x0000000337474749                sqlite3_file_control
                0x0000000337474ed4                sqlite3_db_config
                0x00000003374764e2                sqlite3_stmt_status
                0x0000000337476685                sqlite3_db_status
                0x0000000337477c88                sqlite3_str_finish
                0x00000003374780e9                sqlite3_set_auxdata
                0x0000000337479637                sqlite3_value_bytes
                0x000000033747964a                sqlite3_column_bytes
                0x0000000337479673                sqlite3_value_bytes16
                0x0000000337479686                sqlite3_column_bytes16
                0x0000000337479797                sqlite3_value_text
                0x00000003374797d7                sqlite3_str_vappendf
                0x000000033747b624                sqlite3_str_appendf
                0x000000033747e56d                sqlite3_str_appendchar
                0x000000033747e604                sqlite3_str_append
                0x000000033747e63d                sqlite3_str_appendall
                0x000000033747ea10                sqlite3_aggregate_context
                0x000000033747f7bb                sqlite3_result_error
                0x000000033747fc1b                sqlite3_result_error16
                0x000000033747fc46                sqlite3_result_error_toobig
                0x000000033747fc7c                sqlite3_result_zeroblob64
                0x000000033747fcb1                sqlite3_result_zeroblob
                0x000000033748296e                sqlite3_result_error_nomem
                0x0000000337489862                sqlite3_vsnprintf
                0x00000003374898bb                sqlite3_log
                0x00000003374899a2                sqlite3_status64
                0x0000000337489a31                sqlite3_status
                0x0000000337489a77                sqlite3_memory_used
                0x0000000337489a9f                sqlite3_memory_highwater
                0x0000000337489ac4                sqlite3_vtab_config
                0x000000033748a00a                sqlite3_create_collation_v2
                0x000000033748a073                sqlite3_create_collation
                0x000000033748c24d                sqlite3_error_offset
                0x000000033748c29d                sqlite3_errcode
                0x000000033748c2dd                sqlite3_extended_errcode
                0x000000033748c465                sqlite3_bind_double
                0x000000033748c4d9                sqlite3_bind_int64
                0x000000033748c52b                sqlite3_bind_int
                0x000000033748c53c                sqlite3_bind_null
                0x000000033748c56a                sqlite3_bind_pointer
                0x000000033748c5e0                sqlite3_bind_zeroblob
                0x000000033748c631                sqlite3_bind_zeroblob64
                0x000000033748c736                sqlite3_snprintf
                0x000000033748e4b9                sqlite3_value_blob
                0x000000033748e5a9                sqlite3_column_blob
                0x000000033748e6ab                sqlite3_column_text
                0x000000033748e7ab                sqlite3_errmsg
                0x000000033748ec5f                sqlite3_value_text16
                0x000000033748ec72                sqlite3_column_text16
                0x000000033748edc7                sqlite3_column_name
                0x000000033748ede1                sqlite3_column_name16
                0x000000033748edfb                sqlite3_column_decltype
                0x000000033748ee15                sqlite3_column_decltype16
                0x000000033748ee2f                sqlite3_errmsg16
                0x000000033748eec5                sqlite3_value_text16be
                0x000000033748eed8                sqlite3_value_text16le
                0x00000003374911c5                sqlite3_vtab_collation
                0x000000033749319c                sqlite3_result_value
                0x00000003374934b5                sqlite3_result_blob
                0x0000000337493580                sqlite3_result_text
                0x0000000337493b12                sqlite3_result_text16
                0x0000000337493b30                sqlite3_result_text16be
                0x0000000337493b4e                sqlite3_result_text16le
                0x0000000337493b6c                sqlite3_result_error_code
                0x0000000337493fc9                sqlite3_result_blob64
                0x000000033749400d                sqlite3_result_text64
                0x000000033749440a                sqlite3_bind_blob
                0x000000033749442d                sqlite3_bind_blob64
                0x000000033749444d                sqlite3_bind_text
                0x0000000337494470                sqlite3_bind_text64
                0x00000003374944af                sqlite3_bind_text16
                0x00000003374944d6                sqlite3_bind_value
                0x000000033749460f                sqlite3_create_function16
                0x00000003374946d3                sqlite3_create_collation16
                0x0000000337494d2b                sqlite3_vtab_rhs_value
                0x000000033749945d                sqlite3_expanded_sql
                0x000000033749ad9d                sqlite3_create_module
                0x000000033749adfb                sqlite3_create_module_v2
                0x000000033749ae13                sqlite3_drop_modules
                0x000000033749b016                sqlite3_create_function
                0x000000033749b073                sqlite3_create_function_v2
                0x000000033749b0d4                sqlite3_create_window_function
                0x000000033749ccb7                sqlite3_compileoption_used
                0x000000033749cdcf                sqlite3_memory_alarm
                0x000000033749cdd5                sqlite3_win32_write_debug
                0x000000033749ce3b                sqlite3_win32_sleep
                0x000000033749d8d7                sqlite3_win32_is_nt
                0x000000033749d8dd                sqlite3_os_end
                0x000000033749d8ee                sqlite3_enable_load_extension
                0x000000033749d935                sqlite3_config
                0x000000033749df3c                sqlite3_initialize
                0x000000033749e3a3                sqlite3_vfs_find
                0x000000033749e40d                sqlite3_sleep
                0x000000033749e45b                sqlite3_vfs_register
                0x000000033749e4d5                sqlite3_os_init
                0x000000033749e55a                sqlite3_vfs_unregister
                0x000000033749e5a0                sqlite3_mutex_alloc
                0x000000033749e81d                sqlite3_soft_heap_limit64
                0x000000033749e8b4                sqlite3_soft_heap_limit
                0x000000033749e8d0                sqlite3_hard_heap_limit64
                0x000000033749e938                sqlite3_malloc
                0x000000033749ebe2                sqlite3_value_dup
                0x000000033749f051                sqlite3_malloc64
                0x000000033749f077                sqlite3_str_new
                0x00000003374a05fc                sqlite3_set_clientdata
                0x00000003374a071f                sqlite3_create_filename
                0x00000003374a082a                sqlite3_realloc
                0x00000003374a085c                sqlite3_realloc64
                0x00000003374a2a7d                sqlite3_vmprintf
                0x00000003374a2af8                sqlite3_mprintf
                0x00000003374a5302                sqlite3_load_extension
                0x00000003374a89af                sqlite3_overload_function
                0x00000003374a8dec                sqlite3_randomness
                0x00000003374b4a7f                sqlite3_vtab_in_first
                0x00000003374b4a93                sqlite3_vtab_in_next
                0x00000003374b502e                sqlite3_db_cacheflush
                0x00000003374b5791                sqlite3_backup_step
                0x00000003374b7b36                sqlite3_backup_init
                0x00000003374b9392                sqlite3_backup_finish
                0x00000003374b95fd                sqlite3_close
                0x00000003374b9610                sqlite3_close_v2
                0x00000003374ba74a                sqlite3_finalize
                0x00000003374ba836                sqlite3_blob_close
                0x00000003374ba87f                sqlite3_reset
                0x00000003374baa36                sqlite3_blob_read
                0x00000003374baa50                sqlite3_blob_write
                0x00000003374d83aa                sqlite3_step
                0x00000003374d8f56                sqlite3_exec
                0x00000003374ea0f0                sqlite3_stmt_explain
                0x00000003374ea1fb                sqlite3_prepare
                0x00000003374ee205                sqlite3_prepare_v2
                0x00000003374ee3cc                sqlite3_prepare_v3
                0x00000003374ee585                sqlite3_prepare16
                0x00000003374ee5a8                sqlite3_prepare16_v2
                0x00000003374ee5cb                sqlite3_prepare16_v3
                0x00000003374f3156                sqlite3_declare_vtab
                0x00000003374f4eb7                sqlite3_table_column_metadata
                0x00000003374f549c                sqlite3_wal_checkpoint_v2
                0x00000003374f559c                sqlite3_wal_checkpoint
                0x00000003374f55f3                sqlite3_get_table
                0x00000003374f57c2                sqlite3_serialize
                0x00000003374f59ee                sqlite3_deserialize
                0x00000003374f64d4                sqlite3_blob_open
                0x00000003374f6a9a                sqlite3_blob_reopen
                0x00000003374f6be2                sqlite3_test_control
                0x00000003374f7314                sqlite3_win32_utf8_to_unicode
                0x00000003374f733a                sqlite3_win32_unicode_to_utf8
                0x00000003374f7360                sqlite3_win32_mbcs_to_utf8
                0x00000003374f73b3                sqlite3_win32_mbcs_to_utf8_v2
                0x00000003374f7402                sqlite3_win32_utf8_to_mbcs
                0x00000003374f7457                sqlite3_win32_utf8_to_mbcs_v2
                0x00000003374f74a6                sqlite3_win32_set_directory8
                0x00000003374f7546                sqlite3_win32_set_directory16
                0x00000003374f7597                sqlite3_win32_set_directory
                0x00000003374f75a5                sqlite3_auto_extension
                0x00000003374f7651                sqlite3_reset_auto_extension
                0x00000003374f76a5                sqlite3_shutdown
                0x00000003374f779b                sqlite3_complete16
                0x00000003374f7e76                sqlite3_open
                0x00000003374f7e90                sqlite3_open_v2
                0x00000003374f7e9e                sqlite3_open16
                0x00000003374f7f64                sqlite3_global_recover
 .text          0x00000003374f7f70       0xd0 C:/Users/DuyThanh/mingw64/bin/../lib/gcc/x86_64-w64-mingw32/13.2.0/../../../../x86_64-w64-mingw32/lib/../lib/libmingw32.a(lib64_libmingw32_a-gccmain.o)
                0x00000003374f7f70                __do_global_dtors
                0x00000003374f7fb0                __do_global_ctors
                0x00000003374f8020                __main
 .text          0x00000003374f8040        0x0 C:/Users/DuyThanh/mingw64/bin/../lib/gcc/x86_64-w64-mingw32/13.2.0/../../../../x86_64-w64-mingw32/lib/../lib/libmingw32.a(lib64_libmingw32_a-natstart.o)
 .text          0x00000003374f8040       0xd0 C:/Users/DuyThanh/mingw64/bin/../lib/gcc/x86_64-w64-mingw32/13.2.0/../../../../x86_64-w64-mingw32/lib/../lib/libmingw32.a(lib64_libmingw32_a-tlssup.o)
                0x00000003374f8070                __dyn_tls_init
                0x00000003374f8100                __tlregdtor
 .text          0x00000003374f8110        0x0 C:/Users/DuyThanh/mingw64/bin/../lib/gcc/x86_64-w64-mingw32/13.2.0/../../../../x86_64-w64-mingw32/lib/../lib/libmingw32.a(lib64_libmingw32_a-cinitexe.o)
 .text          0x00000003374f8110        0x0 C:/Users/DuyThanh/mingw64/bin/../lib/gcc/x86_64-w64-mingw32/13.2.0/../../../../x86_64-w64-mingw32/lib/../lib/libmingw32.a(lib64_libmingw32_a-mingw_helpers.o)
 .text          0x00000003374f8110      0x540 C:/Users/DuyThanh/mingw64/bin/../lib/gcc/x86_64-w64-mingw32/13.2.0/../../../../x86_64-w64-mingw32/lib/../lib/libmingw32.a(lib64_libmingw32_a-pseudo-reloc.o)
                0x00000003374f82f0                _pei386_runtime_relocator
 .text          0x00000003374f8650      0x270 C:/Users/DuyThanh/mingw64/bin/../lib/gcc/x86_64-w64-mingw32/13.2.0/../../../../x86_64-w64-mingw32/lib/../lib/libmingw32.a(lib64_libmingw32_a-tlsthrd.o)
                0x00000003374f86c0                ___w64_mingwthr_add_key_dtor
                0x00000003374f8730                ___w64_mingwthr_remove_key_dtor
                0x00000003374f87c0                __mingw_TLScallback
 .text          0x00000003374f88c0        0x0 C:/Users/DuyThanh/mingw64/bin/../lib/gcc/x86_64-w64-mingw32/13.2.0/../../../../x86_64-w64-mingw32/lib/../lib/libmingw32.a(lib64_libmingw32_a-tlsmcrt.o)
 .text          0x00000003374f88c0       0x20 C:/Users/DuyThanh/mingw64/bin/../lib/gcc/x86_64-w64-mingw32/13.2.0/../../../../x86_64-w64-mingw32/lib/../lib/libmingw32.a(lib64_libmingw32_a-exit_wrappers.o)
                0x00000003374f88c0                exit
                0x00000003374f88d0                _exit
 .text          0x00000003374f88e0        0x0 C:/Users/DuyThanh/mingw64/bin/../lib/gcc/x86_64-w64-mingw32/13.2.0/../../../../x86_64-w64-mingw32/lib/../lib/libmingw32.a(lib64_libmingw32_a-pseudo-reloc-list.o)
 .text          0x00000003374f88e0      0x400 C:/Users/DuyThanh/mingw64/bin/../lib/gcc/x86_64-w64-mingw32/13.2.0/../../../../x86_64-w64-mingw32/lib/../lib/libmingw32.a(lib64_libmingw32_a-pesect.o)
                0x00000003374f88e0                _ValidateImageBase
                0x00000003374f8910                _FindPESection
                0x00000003374f8960                _FindPESectionByName
                0x00000003374f8a00                __mingw_GetSectionForAddress
                0x00000003374f8a80                __mingw_GetSectionCount
                0x00000003374f8ac0                _FindPESectionExec
                0x00000003374f8b40                _GetPEImageBase
                0x00000003374f8b80                _IsNonwritableInCurrentImage
                0x00000003374f8c10                __mingw_enum_import_library_names
 .text          0x00000003374f8ce0       0x10 C:/Users/DuyThanh/mingw64/bin/../lib/gcc/x86_64-w64-mingw32/13.2.0/../../../../x86_64-w64-mingw32/lib/../lib/libmingw32.a(lib64_libmingw32_a-CRT_fp10.o)
                0x00000003374f8ce0                fpreset
                0x00000003374f8ce0                _fpreset
 .text          0x00000003374f8cf0       0x40 C:/Users/DuyThanh/mingw64/bin/../lib/gcc/x86_64-w64-mingw32/13.2.0/libgcc.a(_chkstk_ms.o)
                0x00000003374f8cf0                ___chkstk_ms
 .text          0x00000003374f8d30        0x0 C:/Users/DuyThanh/mingw64/bin/../lib/gcc/x86_64-w64-mingw32/13.2.0/libgcc.a(_ctors.o)
 .text          0x00000003374f8d30       0x10 C:/Users/DuyThanh/mingw64/bin/../lib/gcc/x86_64-w64-mingw32/13.2.0/../../../../x86_64-w64-mingw32/lib/../lib/libmingwex.a(lib64_libmingwex_a-dllentry.o)
                0x00000003374f8d30                DllEntryPoint
 .text          0x00000003374f8d40       0x10 C:/Users/DuyThanh/mingw64/bin/../lib/gcc/x86_64-w64-mingw32/13.2.0/../../../../x86_64-w64-mingw32/lib/../lib/libmingwex.a(lib64_libmingwex_a-dllmain.o)
                0x00000003374f8d40                DllMain
 .text          0x00000003374f8d50      0x110 C:/Users/DuyThanh/mingw64/bin/../lib/gcc/x86_64-w64-mingw32/13.2.0/../../../../x86_64-w64-mingw32/lib/../lib/libmingwex.a(lib64_libmingwex_a-strtodnrp.o)
                0x00000003374f8d50                __mingw_strtod
                0x00000003374f8d50                __strtod
 .text          0x00000003374f8e60      0x550 C:/Users/DuyThanh/mingw64/bin/../lib/gcc/x86_64-w64-mingw32/13.2.0/../../../../x86_64-w64-mingw32/lib/../lib/libmingwex.a(lib64_libmingwex_a-dirent.o)
                0x00000003374f8e60                opendir
                0x00000003374f8fd0                readdir
                0x00000003374f91b0                closedir
                0x00000003374f9210                rewinddir
                0x00000003374f9270                telldir
                0x00000003374f92b0                seekdir
 .text          0x00000003374f93b0       0x50 C:/Users/DuyThanh/mingw64/bin/../lib/gcc/x86_64-w64-mingw32/13.2.0/../../../../x86_64-w64-mingw32/lib/../lib/libmingwex.a(lib64_libmingwex_a-mingw_vfprintf.o)
                0x00000003374f93b0                __mingw_vfprintf
 .text          0x00000003374f9400     0x3c70 C:/Users/DuyThanh/mingw64/bin/../lib/gcc/x86_64-w64-mingw32/13.2.0/../../../../x86_64-w64-mingw32/lib/../lib/libmingwex.a(lib64_libmingwex_a-mingw_vfscanf.o)
                0x00000003374fcfc0                __mingw_vfscanf
                0x00000003374fd010                __mingw_vsscanf
 .text          0x00000003374fd070     0x2190 C:/Users/DuyThanh/mingw64/bin/../lib/gcc/x86_64-w64-mingw32/13.2.0/../../../../x86_64-w64-mingw32/lib/../lib/libmingwex.a(lib64_libmingwex_a-strtodg.o)
                0x00000003374fd070                __increment_D2A
                0x00000003374fd500                __decrement_D2A
                0x00000003374fd530                __set_ones_D2A
                0x00000003374fd630                __strtodg
 .text          0x00000003374ff200       0xa0 C:/Users/DuyThanh/mingw64/bin/../lib/gcc/x86_64-w64-mingw32/13.2.0/../../../../x86_64-w64-mingw32/lib/../lib/libmingwex.a(lib64_libmingwex_a-strtof.o)
                0x00000003374ff200                __strtof
                0x00000003374ff200                __mingw_strtof
 .text          0x00000003374ff2a0       0xb0 C:/Users/DuyThanh/mingw64/bin/../lib/gcc/x86_64-w64-mingw32/13.2.0/../../../../x86_64-w64-mingw32/lib/../lib/libmingwex.a(lib64_libmingwex_a-strtopx.o)
                0x00000003374ff2a0                __strtold
                0x00000003374ff2a0                __mingw_strtold
                0x00000003374ff2a0                strtold
 .text          0x00000003374ff350      0x180 C:/Users/DuyThanh/mingw64/bin/../lib/gcc/x86_64-w64-mingw32/13.2.0/../../../../x86_64-w64-mingw32/lib/../lib/libmingwex.a(lib64_libmingwex_a-sum.o)
                0x00000003374ff350                __sum_D2A
 .text          0x00000003374ff4d0     0x2600 C:/Users/DuyThanh/mingw64/bin/../lib/gcc/x86_64-w64-mingw32/13.2.0/../../../../x86_64-w64-mingw32/lib/../lib/libmingwex.a(lib64_libmingwex_a-mingw_pformat.o)
                0x0000000337500fe0                __mingw_pformat
 .text          0x0000000337501ad0      0x270 C:/Users/DuyThanh/mingw64/bin/../lib/gcc/x86_64-w64-mingw32/13.2.0/../../../../x86_64-w64-mingw32/lib/../lib/libmingwex.a(lib64_libmingwex_a-dmisc.o)
                0x0000000337501ad0                __rv_alloc_D2A
                0x0000000337501b10                __nrv_alloc_D2A
                0x0000000337501b90                __freedtoa
                0x0000000337501bc0                __quorem_D2A
 .text          0x0000000337501d40     0x1770 C:/Users/DuyThanh/mingw64/bin/../lib/gcc/x86_64-w64-mingw32/13.2.0/../../../../x86_64-w64-mingw32/lib/../lib/libmingwex.a(lib64_libmingwex_a-gdtoa.o)
                0x0000000337501d40                __gdtoa
 .text          0x00000003375034b0      0x8f0 C:/Users/DuyThanh/mingw64/bin/../lib/gcc/x86_64-w64-mingw32/13.2.0/../../../../x86_64-w64-mingw32/lib/../lib/libmingwex.a(lib64_libmingwex_a-gethex.o)
                0x00000003375034b0                __gethex_D2A
 .text          0x0000000337503da0      0x140 C:/Users/DuyThanh/mingw64/bin/../lib/gcc/x86_64-w64-mingw32/13.2.0/../../../../x86_64-w64-mingw32/lib/../lib/libmingwex.a(lib64_libmingwex_a-gmisc.o)
                0x0000000337503da0                __rshift_D2A
                0x0000000337503ea0                __trailz_D2A
 .text          0x0000000337503ee0       0xa0 C:/Users/DuyThanh/mingw64/bin/../lib/gcc/x86_64-w64-mingw32/13.2.0/../../../../x86_64-w64-mingw32/lib/../lib/libmingwex.a(lib64_libmingwex_a-hd_init.o)
                0x0000000337503ee0                __mingw_hexdig_init_D2A
 .text          0x0000000337503f80      0x410 C:/Users/DuyThanh/mingw64/bin/../lib/gcc/x86_64-w64-mingw32/13.2.0/../../../../x86_64-w64-mingw32/lib/../lib/libmingwex.a(lib64_libmingwex_a-hexnan.o)
                0x0000000337503f80                __hexnan_D2A
 .text          0x0000000337504390      0xca0 C:/Users/DuyThanh/mingw64/bin/../lib/gcc/x86_64-w64-mingw32/13.2.0/../../../../x86_64-w64-mingw32/lib/../lib/libmingwex.a(lib64_libmingwex_a-misc.o)
                0x00000003375044c0                __Balloc_D2A
                0x00000003375045c0                __Bfree_D2A
                0x0000000337504630                __multadd_D2A
                0x00000003375046f0                __i2b_D2A
                0x00000003375047b0                __mult_D2A
                0x0000000337504910                __pow5mult_D2A
                0x0000000337504aa0                __lshift_D2A
                0x0000000337504bb0                __cmp_D2A
                0x0000000337504c00                __diff_D2A
                0x0000000337504de0                __b2d_D2A
                0x0000000337504ef0                __d2b_D2A
                0x0000000337505000                __strcp_D2A
 .text          0x0000000337505030      0x2c0 C:/Users/DuyThanh/mingw64/bin/../lib/gcc/x86_64-w64-mingw32/13.2.0/../../../../x86_64-w64-mingw32/lib/../lib/libmingwex.a(lib64_libmingwex_a-smisc.o)
                0x0000000337505030                __s2b_D2A
                0x0000000337505120                __ratio_D2A
                0x00000003375051c0                __match_D2A
                0x0000000337505210                __copybits_D2A
                0x0000000337505280                __any_on_D2A
 .text          0x00000003375052f0       0x30 C:/Users/DuyThanh/mingw64/bin/../lib/gcc/x86_64-w64-mingw32/13.2.0/../../../../x86_64-w64-mingw32/lib/../lib/libmingwex.a(lib64_libmingwex_a-strnlen.o)
                0x00000003375052f0                strnlen
 .text          0x0000000337505320       0x30 C:/Users/DuyThanh/mingw64/bin/../lib/gcc/x86_64-w64-mingw32/13.2.0/../../../../x86_64-w64-mingw32/lib/../lib/libmingwex.a(lib64_libmingwex_a-wcsnlen.o)
                0x0000000337505320                wcsnlen
 .text          0x0000000337505350       0xd0 C:/Users/DuyThanh/mingw64/bin/../lib/gcc/x86_64-w64-mingw32/13.2.0/../../../../x86_64-w64-mingw32/lib/../lib/libmsvcrt.a(lib64_libmsvcrt_extra_a-mingw_lock.o)
                0x0000000337505350                _lock_file
                0x00000003375053c0                _unlock_file
 .text          0x0000000337505420       0x20 C:/Users/DuyThanh/mingw64/bin/../lib/gcc/x86_64-w64-mingw32/13.2.0/../../../../x86_64-w64-mingw32/lib/../lib/libmsvcrt.a(lib64_libmsvcrt_common_a-acrt_iob_func.o)
                0x0000000337505420                __acrt_iob_func
 .text          0x0000000337505440      0x1d0 C:/Users/DuyThanh/mingw64/bin/../lib/gcc/x86_64-w64-mingw32/13.2.0/../../../../x86_64-w64-mingw32/lib/../lib/libmsvcrt.a(lib64_libmsvcrt_common_a-wcrtomb.o)
                0x00000003375054d0                wcrtomb
                0x0000000337505510                wcsrtombs
 .text          0x0000000337505610      0x170 C:/Users/DuyThanh/mingw64/bin/../lib/gcc/x86_64-w64-mingw32/13.2.0/../../../../x86_64-w64-mingw32/lib/../lib/libmsvcrt.a(lib64_libmsvcrt_common_a-onexit_table.o)
                0x0000000337505610                _initialize_onexit_table
                0x0000000337505630                _register_onexit_function
                0x0000000337505710                _execute_onexit_table
 .text          0x0000000337505780      0x340 C:/Users/DuyThanh/mingw64/bin/../lib/gcc/x86_64-w64-mingw32/13.2.0/../../../../x86_64-w64-mingw32/lib/../lib/libmsvcrt.a(lib64_libmsvcrt_common_a-mbrtowc.o)
                0x00000003375058e0                mbrtowc
                0x0000000337505950                mbsrtowcs
                0x0000000337505a60                mbrlen
 .text          0x0000000337505ac0        0x8 C:/Users/DuyThanh/mingw64/bin/../lib/gcc/x86_64-w64-mingw32/13.2.0/../../../../x86_64-w64-mingw32/lib/../lib/libmsvcrt.a(libmsvcrt_defs00063.o)
                0x0000000337505ac0                ___lc_codepage_func
 .text          0x0000000337505ac8        0x8 C:/Users/DuyThanh/mingw64/bin/../lib/gcc/x86_64-w64-mingw32/13.2.0/../../../../x86_64-w64-mingw32/lib/../lib/libmsvcrt.a(libmsvcrt_defs00066.o)
                0x0000000337505ac8                ___mb_cur_max_func
 .text          0x0000000337505ad0        0x8 C:/Users/DuyThanh/mingw64/bin/../lib/gcc/x86_64-w64-mingw32/13.2.0/../../../../x86_64-w64-mingw32/lib/../lib/libmsvcrt.a(libmsvcrt_defs00083.o)
                0x0000000337505ad0                __iob_func
 .text          0x0000000337505ad8        0x8 C:/Users/DuyThanh/mingw64/bin/../lib/gcc/x86_64-w64-mingw32/13.2.0/../../../../x86_64-w64-mingw32/lib/../lib/libmsvcrt.a(libmsvcrt_defs00114.o)
                0x0000000337505ad8                _access
 .text          0x0000000337505ae0        0x8 C:/Users/DuyThanh/mingw64/bin/../lib/gcc/x86_64-w64-mingw32/13.2.0/../../../../x86_64-w64-mingw32/lib/../lib/libmsvcrt.a(libmsvcrt_defs00124.o)
                0x0000000337505ae0                _amsg_exit
 .text          0x0000000337505ae8        0x8 C:/Users/DuyThanh/mingw64/bin/../lib/gcc/x86_64-w64-mingw32/13.2.0/../../../../x86_64-w64-mingw32/lib/../lib/libmsvcrt.a(libmsvcrt_defs00125.o)
                0x0000000337505ae8                _assert
 .text          0x0000000337505af0        0x8 C:/Users/DuyThanh/mingw64/bin/../lib/gcc/x86_64-w64-mingw32/13.2.0/../../../../x86_64-w64-mingw32/lib/../lib/libmsvcrt.a(libmsvcrt_defs00140.o)
                0x0000000337505af0                _beginthreadex
 .text          0x0000000337505af8        0x8 C:/Users/DuyThanh/mingw64/bin/../lib/gcc/x86_64-w64-mingw32/13.2.0/../../../../x86_64-w64-mingw32/lib/../lib/libmsvcrt.a(libmsvcrt_defs00154.o)
                0x0000000337505af8                _chmod
 .text          0x0000000337505b00        0x8 C:/Users/DuyThanh/mingw64/bin/../lib/gcc/x86_64-w64-mingw32/13.2.0/../../../../x86_64-w64-mingw32/lib/../lib/libmsvcrt.a(libmsvcrt_defs00202.o)
                0x0000000337505b00                _endthreadex
 .text          0x0000000337505b08        0x8 C:/Users/DuyThanh/mingw64/bin/../lib/gcc/x86_64-w64-mingw32/13.2.0/../../../../x86_64-w64-mingw32/lib/../lib/libmsvcrt.a(libmsvcrt_defs00205.o)
                0x0000000337505b08                _errno
 .text          0x0000000337505b10        0x0 C:/Users/DuyThanh/mingw64/bin/../lib/gcc/x86_64-w64-mingw32/13.2.0/../../../../x86_64-w64-mingw32/lib/../lib/libmsvcrt.a(libmsvcrt_defs00224.o)
 .text          0x0000000337505b10        0x8 C:/Users/DuyThanh/mingw64/bin/../lib/gcc/x86_64-w64-mingw32/13.2.0/../../../../x86_64-w64-mingw32/lib/../lib/libmsvcrt.a(libmsvcrt_defs00236.o)
                0x0000000337505b10                _fileno
 .text          0x0000000337505b18        0x8 C:/Users/DuyThanh/mingw64/bin/../lib/gcc/x86_64-w64-mingw32/13.2.0/../../../../x86_64-w64-mingw32/lib/../lib/libmsvcrt.a(libmsvcrt_defs00237.o)
                0x0000000337505b18                _findclose
 .text          0x0000000337505b20        0x8 C:/Users/DuyThanh/mingw64/bin/../lib/gcc/x86_64-w64-mingw32/13.2.0/../../../../x86_64-w64-mingw32/lib/../lib/libmsvcrt.a(libmsvcrt_defs00242.o)
                0x0000000337505b20                _findfirst64
 .text          0x0000000337505b28        0x8 C:/Users/DuyThanh/mingw64/bin/../lib/gcc/x86_64-w64-mingw32/13.2.0/../../../../x86_64-w64-mingw32/lib/../lib/libmsvcrt.a(libmsvcrt_defs00245.o)
                0x0000000337505b28                _findnext64
 .text          0x0000000337505b30        0x8 C:/Users/DuyThanh/mingw64/bin/../lib/gcc/x86_64-w64-mingw32/13.2.0/../../../../x86_64-w64-mingw32/lib/../lib/libmsvcrt.a(libmsvcrt_defs00275.o)
                0x0000000337505b30                _fstat64
 .text          0x0000000337505b38        0x8 C:/Users/DuyThanh/mingw64/bin/../lib/gcc/x86_64-w64-mingw32/13.2.0/../../../../x86_64-w64-mingw32/lib/../lib/libmsvcrt.a(libmsvcrt_defs00282.o)
                0x0000000337505b38                _fullpath
 .text          0x0000000337505b40        0x8 C:/Users/DuyThanh/mingw64/bin/../lib/gcc/x86_64-w64-mingw32/13.2.0/../../../../x86_64-w64-mingw32/lib/../lib/libmsvcrt.a(libmsvcrt_defs00298.o)
                0x0000000337505b40                _get_osfhandle
 .text          0x0000000337505b48        0x8 C:/Users/DuyThanh/mingw64/bin/../lib/gcc/x86_64-w64-mingw32/13.2.0/../../../../x86_64-w64-mingw32/lib/../lib/libmsvcrt.a(libmsvcrt_defs00314.o)
                0x0000000337505b48                getpid
 .text          0x0000000337505b50        0x8 C:/Users/DuyThanh/mingw64/bin/../lib/gcc/x86_64-w64-mingw32/13.2.0/../../../../x86_64-w64-mingw32/lib/../lib/libmsvcrt.a(libmsvcrt_defs00337.o)
                0x0000000337505b50                _initterm
 .text          0x0000000337505b58        0x8 C:/Users/DuyThanh/mingw64/bin/../lib/gcc/x86_64-w64-mingw32/13.2.0/../../../../x86_64-w64-mingw32/lib/../lib/libmsvcrt.a(libmsvcrt_defs00342.o)
                0x0000000337505b58                _isatty
 .text          0x0000000337505b60        0x8 C:/Users/DuyThanh/mingw64/bin/../lib/gcc/x86_64-w64-mingw32/13.2.0/../../../../x86_64-w64-mingw32/lib/../lib/libmsvcrt.a(libmsvcrt_defs00445.o)
                0x0000000337505b60                _localtime64
 .text          0x0000000337505b68        0x8 C:/Users/DuyThanh/mingw64/bin/../lib/gcc/x86_64-w64-mingw32/13.2.0/../../../../x86_64-w64-mingw32/lib/../lib/libmsvcrt.a(libmsvcrt_defs00446.o)
                0x0000000337505b68                _lock
 .text          0x0000000337505b70        0x8 C:/Users/DuyThanh/mingw64/bin/../lib/gcc/x86_64-w64-mingw32/13.2.0/../../../../x86_64-w64-mingw32/lib/../lib/libmsvcrt.a(libmsvcrt_defs00607.o)
                0x0000000337505b70                _mkdir
 .text          0x0000000337505b78        0x8 C:/Users/DuyThanh/mingw64/bin/../lib/gcc/x86_64-w64-mingw32/13.2.0/../../../../x86_64-w64-mingw32/lib/../lib/libmsvcrt.a(libmsvcrt_defs00624.o)
                0x0000000337505b78                _pclose
 .text          0x0000000337505b80        0x8 C:/Users/DuyThanh/mingw64/bin/../lib/gcc/x86_64-w64-mingw32/13.2.0/../../../../x86_64-w64-mingw32/lib/../lib/libmsvcrt.a(libmsvcrt_defs00629.o)
                0x0000000337505b80                _popen
 .text          0x0000000337505b88        0x8 C:/Users/DuyThanh/mingw64/bin/../lib/gcc/x86_64-w64-mingw32/13.2.0/../../../../x86_64-w64-mingw32/lib/../lib/libmsvcrt.a(libmsvcrt_defs00683.o)
                0x0000000337505b88                _setmode
 .text          0x0000000337505b90        0x8 C:/Users/DuyThanh/mingw64/bin/../lib/gcc/x86_64-w64-mingw32/13.2.0/../../../../x86_64-w64-mingw32/lib/../lib/libmsvcrt.a(libmsvcrt_defs00732.o)
                0x0000000337505b90                _stat64
 .text          0x0000000337505b98        0x8 C:/Users/DuyThanh/mingw64/bin/../lib/gcc/x86_64-w64-mingw32/13.2.0/../../../../x86_64-w64-mingw32/lib/../lib/libmsvcrt.a(libmsvcrt_defs00741.o)
                0x0000000337505b98                _strdup
 .text          0x0000000337505ba0        0x8 C:/Users/DuyThanh/mingw64/bin/../lib/gcc/x86_64-w64-mingw32/13.2.0/../../../../x86_64-w64-mingw32/lib/../lib/libmsvcrt.a(libmsvcrt_defs00778.o)
                0x0000000337505ba0                strtoll
 .text          0x0000000337505ba8        0x8 C:/Users/DuyThanh/mingw64/bin/../lib/gcc/x86_64-w64-mingw32/13.2.0/../../../../x86_64-w64-mingw32/lib/../lib/libmsvcrt.a(libmsvcrt_defs00781.o)
                0x0000000337505ba8                strtoull
 .text          0x0000000337505bb0        0x8 C:/Users/DuyThanh/mingw64/bin/../lib/gcc/x86_64-w64-mingw32/13.2.0/../../../../x86_64-w64-mingw32/lib/../lib/libmsvcrt.a(libmsvcrt_defs00833.o)
                0x0000000337505bb0                _unlink
 .text          0x0000000337505bb8        0x8 C:/Users/DuyThanh/mingw64/bin/../lib/gcc/x86_64-w64-mingw32/13.2.0/../../../../x86_64-w64-mingw32/lib/../lib/libmsvcrt.a(libmsvcrt_defs00837.o)
                0x0000000337505bb8                _unlock
 .text          0x0000000337505bc0        0x8 C:/Users/DuyThanh/mingw64/bin/../lib/gcc/x86_64-w64-mingw32/13.2.0/../../../../x86_64-w64-mingw32/lib/../lib/libmsvcrt.a(libmsvcrt_defs01045.o)
                0x0000000337505bc0                _wunlink
 .text          0x0000000337505bc8        0x8 C:/Users/DuyThanh/mingw64/bin/../lib/gcc/x86_64-w64-mingw32/13.2.0/../../../../x86_64-w64-mingw32/lib/../lib/libmsvcrt.a(libmsvcrt_defs01054.o)
                0x0000000337505bc8                abort
 .text          0x0000000337505bd0        0x8 C:/Users/DuyThanh/mingw64/bin/../lib/gcc/x86_64-w64-mingw32/13.2.0/../../../../x86_64-w64-mingw32/lib/../lib/libmsvcrt.a(libmsvcrt_defs01067.o)
                0x0000000337505bd0                atoi
 .text          0x0000000337505bd8        0x8 C:/Users/DuyThanh/mingw64/bin/../lib/gcc/x86_64-w64-mingw32/13.2.0/../../../../x86_64-w64-mingw32/lib/../lib/libmsvcrt.a(libmsvcrt_defs01071.o)
                0x0000000337505bd8                calloc
 .text          0x0000000337505be0        0x0 C:/Users/DuyThanh/mingw64/bin/../lib/gcc/x86_64-w64-mingw32/13.2.0/../../../../x86_64-w64-mingw32/lib/../lib/libmsvcrt.a(libmsvcrt_defs01085.o)
 .text          0x0000000337505be0        0x8 C:/Users/DuyThanh/mingw64/bin/../lib/gcc/x86_64-w64-mingw32/13.2.0/../../../../x86_64-w64-mingw32/lib/../lib/libmsvcrt.a(libmsvcrt_defs01089.o)
                0x0000000337505be0                fclose
 .text          0x0000000337505be8        0x8 C:/Users/DuyThanh/mingw64/bin/../lib/gcc/x86_64-w64-mingw32/13.2.0/../../../../x86_64-w64-mingw32/lib/../lib/libmsvcrt.a(libmsvcrt_defs01092.o)
                0x0000000337505be8                fflush
 .text          0x0000000337505bf0        0x8 C:/Users/DuyThanh/mingw64/bin/../lib/gcc/x86_64-w64-mingw32/13.2.0/../../../../x86_64-w64-mingw32/lib/../lib/libmsvcrt.a(libmsvcrt_defs01093.o)
                0x0000000337505bf0                fgetc
 .text          0x0000000337505bf8        0x8 C:/Users/DuyThanh/mingw64/bin/../lib/gcc/x86_64-w64-mingw32/13.2.0/../../../../x86_64-w64-mingw32/lib/../lib/libmsvcrt.a(libmsvcrt_defs01095.o)
                0x0000000337505bf8                fgets
 .text          0x0000000337505c00        0x8 C:/Users/DuyThanh/mingw64/bin/../lib/gcc/x86_64-w64-mingw32/13.2.0/../../../../x86_64-w64-mingw32/lib/../lib/libmsvcrt.a(libmsvcrt_defs01102.o)
                0x0000000337505c00                fopen
 .text          0x0000000337505c08        0x8 C:/Users/DuyThanh/mingw64/bin/../lib/gcc/x86_64-w64-mingw32/13.2.0/../../../../x86_64-w64-mingw32/lib/../lib/libmsvcrt.a(libmsvcrt_defs01107.o)
                0x0000000337505c08                fputc
 .text          0x0000000337505c10        0x8 C:/Users/DuyThanh/mingw64/bin/../lib/gcc/x86_64-w64-mingw32/13.2.0/../../../../x86_64-w64-mingw32/lib/../lib/libmsvcrt.a(libmsvcrt_defs01108.o)
                0x0000000337505c10                fputs
 .text          0x0000000337505c18        0x8 C:/Users/DuyThanh/mingw64/bin/../lib/gcc/x86_64-w64-mingw32/13.2.0/../../../../x86_64-w64-mingw32/lib/../lib/libmsvcrt.a(libmsvcrt_defs01111.o)
                0x0000000337505c18                fread
 .text          0x0000000337505c20        0x8 C:/Users/DuyThanh/mingw64/bin/../lib/gcc/x86_64-w64-mingw32/13.2.0/../../../../x86_64-w64-mingw32/lib/../lib/libmsvcrt.a(libmsvcrt_defs01112.o)
                0x0000000337505c20                free
 .text          0x0000000337505c28        0x8 C:/Users/DuyThanh/mingw64/bin/../lib/gcc/x86_64-w64-mingw32/13.2.0/../../../../x86_64-w64-mingw32/lib/../lib/libmsvcrt.a(libmsvcrt_defs01121.o)
                0x0000000337505c28                fseek
 .text          0x0000000337505c30        0x8 C:/Users/DuyThanh/mingw64/bin/../lib/gcc/x86_64-w64-mingw32/13.2.0/../../../../x86_64-w64-mingw32/lib/../lib/libmsvcrt.a(libmsvcrt_defs01122.o)
                0x0000000337505c30                ftell
 .text          0x0000000337505c38        0x8 C:/Users/DuyThanh/mingw64/bin/../lib/gcc/x86_64-w64-mingw32/13.2.0/../../../../x86_64-w64-mingw32/lib/../lib/libmsvcrt.a(libmsvcrt_defs01125.o)
                0x0000000337505c38                fwrite
 .text          0x0000000337505c40        0x8 C:/Users/DuyThanh/mingw64/bin/../lib/gcc/x86_64-w64-mingw32/13.2.0/../../../../x86_64-w64-mingw32/lib/../lib/libmsvcrt.a(libmsvcrt_defs01129.o)
                0x0000000337505c40                getc
 .text          0x0000000337505c48        0x8 C:/Users/DuyThanh/mingw64/bin/../lib/gcc/x86_64-w64-mingw32/13.2.0/../../../../x86_64-w64-mingw32/lib/../lib/libmsvcrt.a(libmsvcrt_defs01131.o)
                0x0000000337505c48                getenv
 .text          0x0000000337505c50        0x8 C:/Users/DuyThanh/mingw64/bin/../lib/gcc/x86_64-w64-mingw32/13.2.0/../../../../x86_64-w64-mingw32/lib/../lib/libmsvcrt.a(libmsvcrt_defs01138.o)
                0x0000000337505c50                isalnum
 .text          0x0000000337505c58        0x8 C:/Users/DuyThanh/mingw64/bin/../lib/gcc/x86_64-w64-mingw32/13.2.0/../../../../x86_64-w64-mingw32/lib/../lib/libmsvcrt.a(libmsvcrt_defs01139.o)
                0x0000000337505c58                isalpha
 .text          0x0000000337505c60        0x8 C:/Users/DuyThanh/mingw64/bin/../lib/gcc/x86_64-w64-mingw32/13.2.0/../../../../x86_64-w64-mingw32/lib/../lib/libmsvcrt.a(libmsvcrt_defs01145.o)
                0x0000000337505c60                isprint
 .text          0x0000000337505c68        0x8 C:/Users/DuyThanh/mingw64/bin/../lib/gcc/x86_64-w64-mingw32/13.2.0/../../../../x86_64-w64-mingw32/lib/../lib/libmsvcrt.a(libmsvcrt_defs01147.o)
                0x0000000337505c68                isspace
 .text          0x0000000337505c70        0x8 C:/Users/DuyThanh/mingw64/bin/../lib/gcc/x86_64-w64-mingw32/13.2.0/../../../../x86_64-w64-mingw32/lib/../lib/libmsvcrt.a(libmsvcrt_defs01162.o)
                0x0000000337505c70                isxdigit
 .text          0x0000000337505c78        0x8 C:/Users/DuyThanh/mingw64/bin/../lib/gcc/x86_64-w64-mingw32/13.2.0/../../../../x86_64-w64-mingw32/lib/../lib/libmsvcrt.a(libmsvcrt_defs01166.o)
                0x0000000337505c78                localeconv
 .text          0x0000000337505c80        0x8 C:/Users/DuyThanh/mingw64/bin/../lib/gcc/x86_64-w64-mingw32/13.2.0/../../../../x86_64-w64-mingw32/lib/../lib/libmsvcrt.a(libmsvcrt_defs01173.o)
                0x0000000337505c80                malloc
 .text          0x0000000337505c88        0x8 C:/Users/DuyThanh/mingw64/bin/../lib/gcc/x86_64-w64-mingw32/13.2.0/../../../../x86_64-w64-mingw32/lib/../lib/libmsvcrt.a(libmsvcrt_defs01181.o)
                0x0000000337505c88                memchr
 .text          0x0000000337505c90        0x8 C:/Users/DuyThanh/mingw64/bin/../lib/gcc/x86_64-w64-mingw32/13.2.0/../../../../x86_64-w64-mingw32/lib/../lib/libmsvcrt.a(libmsvcrt_defs01182.o)
                0x0000000337505c90                memcmp
 .text          0x0000000337505c98        0x8 C:/Users/DuyThanh/mingw64/bin/../lib/gcc/x86_64-w64-mingw32/13.2.0/../../../../x86_64-w64-mingw32/lib/../lib/libmsvcrt.a(libmsvcrt_defs01183.o)
                0x0000000337505c98                memcpy
 .text          0x0000000337505ca0        0x8 C:/Users/DuyThanh/mingw64/bin/../lib/gcc/x86_64-w64-mingw32/13.2.0/../../../../x86_64-w64-mingw32/lib/../lib/libmsvcrt.a(libmsvcrt_defs01184.o)
                0x0000000337505ca0                memmove
 .text          0x0000000337505ca8        0x8 C:/Users/DuyThanh/mingw64/bin/../lib/gcc/x86_64-w64-mingw32/13.2.0/../../../../x86_64-w64-mingw32/lib/../lib/libmsvcrt.a(libmsvcrt_defs01185.o)
                0x0000000337505ca8                memset
 .text          0x0000000337505cb0        0x8 C:/Users/DuyThanh/mingw64/bin/../lib/gcc/x86_64-w64-mingw32/13.2.0/../../../../x86_64-w64-mingw32/lib/../lib/libmsvcrt.a(libmsvcrt_defs01203.o)
                0x0000000337505cb0                realloc
 .text          0x0000000337505cb8        0x8 C:/Users/DuyThanh/mingw64/bin/../lib/gcc/x86_64-w64-mingw32/13.2.0/../../../../x86_64-w64-mingw32/lib/../lib/libmsvcrt.a(libmsvcrt_defs01206.o)
                0x0000000337505cb8                rewind
 .text          0x0000000337505cc0        0x8 C:/Users/DuyThanh/mingw64/bin/../lib/gcc/x86_64-w64-mingw32/13.2.0/../../../../x86_64-w64-mingw32/lib/../lib/libmsvcrt.a(libmsvcrt_defs01212.o)
                0x0000000337505cc0                setvbuf
 .text          0x0000000337505cc8        0x8 C:/Users/DuyThanh/mingw64/bin/../lib/gcc/x86_64-w64-mingw32/13.2.0/../../../../x86_64-w64-mingw32/lib/../lib/libmsvcrt.a(libmsvcrt_defs01228.o)
                0x0000000337505cc8                strchr
 .text          0x0000000337505cd0        0x8 C:/Users/DuyThanh/mingw64/bin/../lib/gcc/x86_64-w64-mingw32/13.2.0/../../../../x86_64-w64-mingw32/lib/../lib/libmsvcrt.a(libmsvcrt_defs01229.o)
                0x0000000337505cd0                strcmp
 .text          0x0000000337505cd8        0x8 C:/Users/DuyThanh/mingw64/bin/../lib/gcc/x86_64-w64-mingw32/13.2.0/../../../../x86_64-w64-mingw32/lib/../lib/libmsvcrt.a(libmsvcrt_defs01231.o)
                0x0000000337505cd8                strcpy
 .text          0x0000000337505ce0        0x8 C:/Users/DuyThanh/mingw64/bin/../lib/gcc/x86_64-w64-mingw32/13.2.0/../../../../x86_64-w64-mingw32/lib/../lib/libmsvcrt.a(libmsvcrt_defs01233.o)
                0x0000000337505ce0                strcspn
 .text          0x0000000337505ce8        0x8 C:/Users/DuyThanh/mingw64/bin/../lib/gcc/x86_64-w64-mingw32/13.2.0/../../../../x86_64-w64-mingw32/lib/../lib/libmsvcrt.a(libmsvcrt_defs01234.o)
                0x0000000337505ce8                strerror
 .text          0x0000000337505cf0        0x8 C:/Users/DuyThanh/mingw64/bin/../lib/gcc/x86_64-w64-mingw32/13.2.0/../../../../x86_64-w64-mingw32/lib/../lib/libmsvcrt.a(libmsvcrt_defs01236.o)
                0x0000000337505cf0                strlen
 .text          0x0000000337505cf8        0x8 C:/Users/DuyThanh/mingw64/bin/../lib/gcc/x86_64-w64-mingw32/13.2.0/../../../../x86_64-w64-mingw32/lib/../lib/libmsvcrt.a(libmsvcrt_defs01239.o)
                0x0000000337505cf8                strncmp
 .text          0x0000000337505d00        0x8 C:/Users/DuyThanh/mingw64/bin/../lib/gcc/x86_64-w64-mingw32/13.2.0/../../../../x86_64-w64-mingw32/lib/../lib/libmsvcrt.a(libmsvcrt_defs01240.o)
                0x0000000337505d00                strncpy
 .text          0x0000000337505d08        0x8 C:/Users/DuyThanh/mingw64/bin/../lib/gcc/x86_64-w64-mingw32/13.2.0/../../../../x86_64-w64-mingw32/lib/../lib/libmsvcrt.a(libmsvcrt_defs01243.o)
                0x0000000337505d08                strrchr
 .text          0x0000000337505d10        0x8 C:/Users/DuyThanh/mingw64/bin/../lib/gcc/x86_64-w64-mingw32/13.2.0/../../../../x86_64-w64-mingw32/lib/../lib/libmsvcrt.a(libmsvcrt_defs01244.o)
                0x0000000337505d10                strspn
 .text          0x0000000337505d18        0x8 C:/Users/DuyThanh/mingw64/bin/../lib/gcc/x86_64-w64-mingw32/13.2.0/../../../../x86_64-w64-mingw32/lib/../lib/libmsvcrt.a(libmsvcrt_defs01245.o)
                0x0000000337505d18                strstr
 .text          0x0000000337505d20        0x8 C:/Users/DuyThanh/mingw64/bin/../lib/gcc/x86_64-w64-mingw32/13.2.0/../../../../x86_64-w64-mingw32/lib/../lib/libmsvcrt.a(libmsvcrt_defs01249.o)
                0x0000000337505d20                strtol
 .text          0x0000000337505d28        0x8 C:/Users/DuyThanh/mingw64/bin/../lib/gcc/x86_64-w64-mingw32/13.2.0/../../../../x86_64-w64-mingw32/lib/../lib/libmsvcrt.a(libmsvcrt_defs01250.o)
                0x0000000337505d28                strtoul
 .text          0x0000000337505d30        0x8 C:/Users/DuyThanh/mingw64/bin/../lib/gcc/x86_64-w64-mingw32/13.2.0/../../../../x86_64-w64-mingw32/lib/../lib/libmsvcrt.a(libmsvcrt_defs01259.o)
                0x0000000337505d30                system
 .text          0x0000000337505d38        0x8 C:/Users/DuyThanh/mingw64/bin/../lib/gcc/x86_64-w64-mingw32/13.2.0/../../../../x86_64-w64-mingw32/lib/../lib/libmsvcrt.a(libmsvcrt_defs01267.o)
                0x0000000337505d38                tolower
 .text          0x0000000337505d40        0x8 C:/Users/DuyThanh/mingw64/bin/../lib/gcc/x86_64-w64-mingw32/13.2.0/../../../../x86_64-w64-mingw32/lib/../lib/libmsvcrt.a(libmsvcrt_defs01273.o)
                0x0000000337505d40                ungetc
 .text          0x0000000337505d48        0x8 C:/Users/DuyThanh/mingw64/bin/../lib/gcc/x86_64-w64-mingw32/13.2.0/../../../../x86_64-w64-mingw32/lib/../lib/libmsvcrt.a(libmsvcrt_defs01274.o)
                0x0000000337505d48                vfprintf
 .text          0x0000000337505d50        0x8 C:/Users/DuyThanh/mingw64/bin/../lib/gcc/x86_64-w64-mingw32/13.2.0/../../../../x86_64-w64-mingw32/lib/../lib/libmsvcrt.a(libmsvcrt_defs01300.o)
                0x0000000337505d50                wcslen
 *fill*         0x0000000337505d58        0x8 
 .text          0x0000000337505d60        0x0 C:/Users/DuyThanh/mingw64/bin/../lib/gcc/x86_64-w64-mingw32/13.2.0/../../../../x86_64-w64-mingw32/lib/../lib/libmsvcrt.a(libmsvcrt_defh.o)
 .text          0x0000000337505d60        0x0 C:/Users/DuyThanh/mingw64/bin/../lib/gcc/x86_64-w64-mingw32/13.2.0/../../../../x86_64-w64-mingw32/lib/../lib/libmsvcrt.a(libmsvcrt_deft.o)
 .text          0x0000000337505d60        0x8 C:/Users/DuyThanh/mingw64/bin/../lib/gcc/x86_64-w64-mingw32/13.2.0/../../../../x86_64-w64-mingw32/lib/../lib/libkernel32.a(libkernel32s01563.o)
                0x0000000337505d60                WriteFile
 .text          0x0000000337505d68        0x8 C:/Users/DuyThanh/mingw64/bin/../lib/gcc/x86_64-w64-mingw32/13.2.0/../../../../x86_64-w64-mingw32/lib/../lib/libkernel32.a(libkernel32s01562.o)
                0x0000000337505d68                WriteConsoleW
 .text          0x0000000337505d70        0x8 C:/Users/DuyThanh/mingw64/bin/../lib/gcc/x86_64-w64-mingw32/13.2.0/../../../../x86_64-w64-mingw32/lib/../lib/libkernel32.a(libkernel32s01543.o)
                0x0000000337505d70                WideCharToMultiByte
 .text          0x0000000337505d78        0x8 C:/Users/DuyThanh/mingw64/bin/../lib/gcc/x86_64-w64-mingw32/13.2.0/../../../../x86_64-w64-mingw32/lib/../lib/libkernel32.a(libkernel32s01500.o)
                0x0000000337505d78                WaitForSingleObjectEx
 .text          0x0000000337505d80        0x8 C:/Users/DuyThanh/mingw64/bin/../lib/gcc/x86_64-w64-mingw32/13.2.0/../../../../x86_64-w64-mingw32/lib/../lib/libkernel32.a(libkernel32s01499.o)
                0x0000000337505d80                WaitForSingleObject
 .text          0x0000000337505d88        0x8 C:/Users/DuyThanh/mingw64/bin/../lib/gcc/x86_64-w64-mingw32/13.2.0/../../../../x86_64-w64-mingw32/lib/../lib/libkernel32.a(libkernel32s01490.o)
                0x0000000337505d88                VirtualQuery
 .text          0x0000000337505d90        0x8 C:/Users/DuyThanh/mingw64/bin/../lib/gcc/x86_64-w64-mingw32/13.2.0/../../../../x86_64-w64-mingw32/lib/../lib/libkernel32.a(libkernel32s01488.o)
                0x0000000337505d90                VirtualProtect
 .text          0x0000000337505d98        0x8 C:/Users/DuyThanh/mingw64/bin/../lib/gcc/x86_64-w64-mingw32/13.2.0/../../../../x86_64-w64-mingw32/lib/../lib/libkernel32.a(libkernel32s01458.o)
                0x0000000337505d98                UnmapViewOfFile
 .text          0x0000000337505da0        0x8 C:/Users/DuyThanh/mingw64/bin/../lib/gcc/x86_64-w64-mingw32/13.2.0/../../../../x86_64-w64-mingw32/lib/../lib/libkernel32.a(libkernel32s01457.o)
                0x0000000337505da0                UnlockFileEx
 .text          0x0000000337505da8        0x8 C:/Users/DuyThanh/mingw64/bin/../lib/gcc/x86_64-w64-mingw32/13.2.0/../../../../x86_64-w64-mingw32/lib/../lib/libkernel32.a(libkernel32s01456.o)
                0x0000000337505da8                UnlockFile
 .text          0x0000000337505db0        0x8 C:/Users/DuyThanh/mingw64/bin/../lib/gcc/x86_64-w64-mingw32/13.2.0/../../../../x86_64-w64-mingw32/lib/../lib/libkernel32.a(libkernel32s01448.o)
                0x0000000337505db0                TryEnterCriticalSection
 .text          0x0000000337505db8        0x8 C:/Users/DuyThanh/mingw64/bin/../lib/gcc/x86_64-w64-mingw32/13.2.0/../../../../x86_64-w64-mingw32/lib/../lib/libkernel32.a(libkernel32s01441.o)
                0x0000000337505db8                TlsGetValue
 .text          0x0000000337505dc0        0x8 C:/Users/DuyThanh/mingw64/bin/../lib/gcc/x86_64-w64-mingw32/13.2.0/../../../../x86_64-w64-mingw32/lib/../lib/libkernel32.a(libkernel32s01417.o)
                0x0000000337505dc0                SystemTimeToFileTime
 .text          0x0000000337505dc8        0x8 C:/Users/DuyThanh/mingw64/bin/../lib/gcc/x86_64-w64-mingw32/13.2.0/../../../../x86_64-w64-mingw32/lib/../lib/libkernel32.a(libkernel32s01406.o)
                0x0000000337505dc8                Sleep
 .text          0x0000000337505dd0        0x8 C:/Users/DuyThanh/mingw64/bin/../lib/gcc/x86_64-w64-mingw32/13.2.0/../../../../x86_64-w64-mingw32/lib/../lib/libkernel32.a(libkernel32s01320.o)
                0x0000000337505dd0                SetFileTime
 .text          0x0000000337505dd8        0x8 C:/Users/DuyThanh/mingw64/bin/../lib/gcc/x86_64-w64-mingw32/13.2.0/../../../../x86_64-w64-mingw32/lib/../lib/libkernel32.a(libkernel32s01316.o)
                0x0000000337505dd8                SetFilePointer
 .text          0x0000000337505de0        0x8 C:/Users/DuyThanh/mingw64/bin/../lib/gcc/x86_64-w64-mingw32/13.2.0/../../../../x86_64-w64-mingw32/lib/../lib/libkernel32.a(libkernel32s01297.o)
                0x0000000337505de0                SetEndOfFile
 .text          0x0000000337505de8        0x8 C:/Users/DuyThanh/mingw64/bin/../lib/gcc/x86_64-w64-mingw32/13.2.0/../../../../x86_64-w64-mingw32/lib/../lib/libkernel32.a(libkernel32s01290.o)
                0x0000000337505de8                SetCurrentDirectoryW
 .text          0x0000000337505df0        0x8 C:/Users/DuyThanh/mingw64/bin/../lib/gcc/x86_64-w64-mingw32/13.2.0/../../../../x86_64-w64-mingw32/lib/../lib/libkernel32.a(libkernel32s01283.o)
                0x0000000337505df0                SetConsoleTextAttribute
 .text          0x0000000337505df8        0x8 C:/Users/DuyThanh/mingw64/bin/../lib/gcc/x86_64-w64-mingw32/13.2.0/../../../../x86_64-w64-mingw32/lib/../lib/libkernel32.a(libkernel32s01274.o)
                0x0000000337505df8                SetConsoleMode
 .text          0x0000000337505e00        0x8 C:/Users/DuyThanh/mingw64/bin/../lib/gcc/x86_64-w64-mingw32/13.2.0/../../../../x86_64-w64-mingw32/lib/../lib/libkernel32.a(libkernel32s01258.o)
                0x0000000337505e00                SetConsoleCtrlHandler
 .text          0x0000000337505e08        0x8 C:/Users/DuyThanh/mingw64/bin/../lib/gcc/x86_64-w64-mingw32/13.2.0/../../../../x86_64-w64-mingw32/lib/../lib/libkernel32.a(libkernel32s01167.o)
                0x0000000337505e08                ReadFile
 .text          0x0000000337505e10        0x8 C:/Users/DuyThanh/mingw64/bin/../lib/gcc/x86_64-w64-mingw32/13.2.0/../../../../x86_64-w64-mingw32/lib/../lib/libkernel32.a(libkernel32s01164.o)
                0x0000000337505e10                ReadConsoleW
 .text          0x0000000337505e18        0x8 C:/Users/DuyThanh/mingw64/bin/../lib/gcc/x86_64-w64-mingw32/13.2.0/../../../../x86_64-w64-mingw32/lib/../lib/libkernel32.a(libkernel32s01128.o)
                0x0000000337505e18                QueryPerformanceCounter
 .text          0x0000000337505e20        0x8 C:/Users/DuyThanh/mingw64/bin/../lib/gcc/x86_64-w64-mingw32/13.2.0/../../../../x86_64-w64-mingw32/lib/../lib/libkernel32.a(libkernel32s01076.o)
                0x0000000337505e20                OutputDebugStringW
 .text          0x0000000337505e28        0x8 C:/Users/DuyThanh/mingw64/bin/../lib/gcc/x86_64-w64-mingw32/13.2.0/../../../../x86_64-w64-mingw32/lib/../lib/libkernel32.a(libkernel32s01075.o)
                0x0000000337505e28                OutputDebugStringA
 .text          0x0000000337505e30        0x8 C:/Users/DuyThanh/mingw64/bin/../lib/gcc/x86_64-w64-mingw32/13.2.0/../../../../x86_64-w64-mingw32/lib/../lib/libkernel32.a(libkernel32s01033.o)
                0x0000000337505e30                MultiByteToWideChar
 .text          0x0000000337505e38        0x8 C:/Users/DuyThanh/mingw64/bin/../lib/gcc/x86_64-w64-mingw32/13.2.0/../../../../x86_64-w64-mingw32/lib/../lib/libkernel32.a(libkernel32s01016.o)
                0x0000000337505e38                MapViewOfFile
 .text          0x0000000337505e40        0x8 C:/Users/DuyThanh/mingw64/bin/../lib/gcc/x86_64-w64-mingw32/13.2.0/../../../../x86_64-w64-mingw32/lib/../lib/libkernel32.a(libkernel32s01012.o)
                0x0000000337505e40                LockFileEx
 .text          0x0000000337505e48        0x8 C:/Users/DuyThanh/mingw64/bin/../lib/gcc/x86_64-w64-mingw32/13.2.0/../../../../x86_64-w64-mingw32/lib/../lib/libkernel32.a(libkernel32s01011.o)
                0x0000000337505e48                LockFile
 .text          0x0000000337505e50        0x8 C:/Users/DuyThanh/mingw64/bin/../lib/gcc/x86_64-w64-mingw32/13.2.0/../../../../x86_64-w64-mingw32/lib/../lib/libkernel32.a(libkernel32s00999.o)
                0x0000000337505e50                LocalFree
 .text          0x0000000337505e58        0x8 C:/Users/DuyThanh/mingw64/bin/../lib/gcc/x86_64-w64-mingw32/13.2.0/../../../../x86_64-w64-mingw32/lib/../lib/libkernel32.a(libkernel32s00988.o)
                0x0000000337505e58                LoadLibraryW
 .text          0x0000000337505e60        0x8 C:/Users/DuyThanh/mingw64/bin/../lib/gcc/x86_64-w64-mingw32/13.2.0/../../../../x86_64-w64-mingw32/lib/../lib/libkernel32.a(libkernel32s00985.o)
                0x0000000337505e60                LoadLibraryA
 .text          0x0000000337505e68        0x8 C:/Users/DuyThanh/mingw64/bin/../lib/gcc/x86_64-w64-mingw32/13.2.0/../../../../x86_64-w64-mingw32/lib/../lib/libkernel32.a(libkernel32s00981.o)
                0x0000000337505e68                LeaveCriticalSection
 .text          0x0000000337505e70        0x8 C:/Users/DuyThanh/mingw64/bin/../lib/gcc/x86_64-w64-mingw32/13.2.0/../../../../x86_64-w64-mingw32/lib/../lib/libkernel32.a(libkernel32s00916.o)
                0x0000000337505e70                IsDBCSLeadByteEx
 .text          0x0000000337505e78        0x8 C:/Users/DuyThanh/mingw64/bin/../lib/gcc/x86_64-w64-mingw32/13.2.0/../../../../x86_64-w64-mingw32/lib/../lib/libkernel32.a(libkernel32s00889.o)
                0x0000000337505e78                InitializeCriticalSection
 .text          0x0000000337505e80        0x8 C:/Users/DuyThanh/mingw64/bin/../lib/gcc/x86_64-w64-mingw32/13.2.0/../../../../x86_64-w64-mingw32/lib/../lib/libkernel32.a(libkernel32s00876.o)
                0x0000000337505e80                HeapValidate
 .text          0x0000000337505e88        0x8 C:/Users/DuyThanh/mingw64/bin/../lib/gcc/x86_64-w64-mingw32/13.2.0/../../../../x86_64-w64-mingw32/lib/../lib/libkernel32.a(libkernel32s00872.o)
                0x0000000337505e88                HeapSize
 .text          0x0000000337505e90        0x8 C:/Users/DuyThanh/mingw64/bin/../lib/gcc/x86_64-w64-mingw32/13.2.0/../../../../x86_64-w64-mingw32/lib/../lib/libkernel32.a(libkernel32s00870.o)
                0x0000000337505e90                HeapReAlloc
 .text          0x0000000337505e98        0x8 C:/Users/DuyThanh/mingw64/bin/../lib/gcc/x86_64-w64-mingw32/13.2.0/../../../../x86_64-w64-mingw32/lib/../lib/libkernel32.a(libkernel32s00866.o)
                0x0000000337505e98                HeapFree
 .text          0x0000000337505ea0        0x8 C:/Users/DuyThanh/mingw64/bin/../lib/gcc/x86_64-w64-mingw32/13.2.0/../../../../x86_64-w64-mingw32/lib/../lib/libkernel32.a(libkernel32s00864.o)
                0x0000000337505ea0                HeapDestroy
 .text          0x0000000337505ea8        0x8 C:/Users/DuyThanh/mingw64/bin/../lib/gcc/x86_64-w64-mingw32/13.2.0/../../../../x86_64-w64-mingw32/lib/../lib/libkernel32.a(libkernel32s00862.o)
                0x0000000337505ea8                HeapCreate
 .text          0x0000000337505eb0        0x8 C:/Users/DuyThanh/mingw64/bin/../lib/gcc/x86_64-w64-mingw32/13.2.0/../../../../x86_64-w64-mingw32/lib/../lib/libkernel32.a(libkernel32s00861.o)
                0x0000000337505eb0                HeapCompact
 .text          0x0000000337505eb8        0x8 C:/Users/DuyThanh/mingw64/bin/../lib/gcc/x86_64-w64-mingw32/13.2.0/../../../../x86_64-w64-mingw32/lib/../lib/libkernel32.a(libkernel32s00860.o)
                0x0000000337505eb8                HeapAlloc
 .text          0x0000000337505ec0        0x8 C:/Users/DuyThanh/mingw64/bin/../lib/gcc/x86_64-w64-mingw32/13.2.0/../../../../x86_64-w64-mingw32/lib/../lib/libkernel32.a(libkernel32s00796.o)
                0x0000000337505ec0                GetTickCount
 .text          0x0000000337505ec8        0x8 C:/Users/DuyThanh/mingw64/bin/../lib/gcc/x86_64-w64-mingw32/13.2.0/../../../../x86_64-w64-mingw32/lib/../lib/libkernel32.a(libkernel32s00779.o)
                0x0000000337505ec8                GetTempPathW
 .text          0x0000000337505ed0        0x8 C:/Users/DuyThanh/mingw64/bin/../lib/gcc/x86_64-w64-mingw32/13.2.0/../../../../x86_64-w64-mingw32/lib/../lib/libkernel32.a(libkernel32s00778.o)
                0x0000000337505ed0                GetTempPathA
 .text          0x0000000337505ed8        0x8 C:/Users/DuyThanh/mingw64/bin/../lib/gcc/x86_64-w64-mingw32/13.2.0/../../../../x86_64-w64-mingw32/lib/../lib/libkernel32.a(libkernel32s00766.o)
                0x0000000337505ed8                GetSystemTimeAsFileTime
 .text          0x0000000337505ee0        0x8 C:/Users/DuyThanh/mingw64/bin/../lib/gcc/x86_64-w64-mingw32/13.2.0/../../../../x86_64-w64-mingw32/lib/../lib/libkernel32.a(libkernel32s00764.o)
                0x0000000337505ee0                GetSystemTime
 .text          0x0000000337505ee8        0x8 C:/Users/DuyThanh/mingw64/bin/../lib/gcc/x86_64-w64-mingw32/13.2.0/../../../../x86_64-w64-mingw32/lib/../lib/libkernel32.a(libkernel32s00760.o)
                0x0000000337505ee8                GetSystemInfo
 .text          0x0000000337505ef0        0x8 C:/Users/DuyThanh/mingw64/bin/../lib/gcc/x86_64-w64-mingw32/13.2.0/../../../../x86_64-w64-mingw32/lib/../lib/libkernel32.a(libkernel32s00743.o)
                0x0000000337505ef0                GetStdHandle
 .text          0x0000000337505ef8        0x8 C:/Users/DuyThanh/mingw64/bin/../lib/gcc/x86_64-w64-mingw32/13.2.0/../../../../x86_64-w64-mingw32/lib/../lib/libkernel32.a(libkernel32s00713.o)
                0x0000000337505ef8                GetProcessHeap
 .text          0x0000000337505f00        0x8 C:/Users/DuyThanh/mingw64/bin/../lib/gcc/x86_64-w64-mingw32/13.2.0/../../../../x86_64-w64-mingw32/lib/../lib/libkernel32.a(libkernel32s00707.o)
                0x0000000337505f00                GetProcAddress
 .text          0x0000000337505f08        0x8 C:/Users/DuyThanh/mingw64/bin/../lib/gcc/x86_64-w64-mingw32/13.2.0/../../../../x86_64-w64-mingw32/lib/../lib/libkernel32.a(libkernel32s00627.o)
                0x0000000337505f08                GetLastError
 .text          0x0000000337505f10        0x8 C:/Users/DuyThanh/mingw64/bin/../lib/gcc/x86_64-w64-mingw32/13.2.0/../../../../x86_64-w64-mingw32/lib/../lib/libkernel32.a(libkernel32s00620.o)
                0x0000000337505f10                GetFullPathNameW
 .text          0x0000000337505f18        0x8 C:/Users/DuyThanh/mingw64/bin/../lib/gcc/x86_64-w64-mingw32/13.2.0/../../../../x86_64-w64-mingw32/lib/../lib/libkernel32.a(libkernel32s00617.o)
                0x0000000337505f18                GetFullPathNameA
 .text          0x0000000337505f20        0x8 C:/Users/DuyThanh/mingw64/bin/../lib/gcc/x86_64-w64-mingw32/13.2.0/../../../../x86_64-w64-mingw32/lib/../lib/libkernel32.a(libkernel32s00609.o)
                0x0000000337505f20                GetFileType
 .text          0x0000000337505f28        0x8 C:/Users/DuyThanh/mingw64/bin/../lib/gcc/x86_64-w64-mingw32/13.2.0/../../../../x86_64-w64-mingw32/lib/../lib/libkernel32.a(libkernel32s00606.o)
                0x0000000337505f28                GetFileSize
 .text          0x0000000337505f30        0x8 C:/Users/DuyThanh/mingw64/bin/../lib/gcc/x86_64-w64-mingw32/13.2.0/../../../../x86_64-w64-mingw32/lib/../lib/libkernel32.a(libkernel32s00600.o)
                0x0000000337505f30                GetFileAttributesW
 .text          0x0000000337505f38        0x8 C:/Users/DuyThanh/mingw64/bin/../lib/gcc/x86_64-w64-mingw32/13.2.0/../../../../x86_64-w64-mingw32/lib/../lib/libkernel32.a(libkernel32s00597.o)
                0x0000000337505f38                GetFileAttributesExW
 .text          0x0000000337505f40        0x8 C:/Users/DuyThanh/mingw64/bin/../lib/gcc/x86_64-w64-mingw32/13.2.0/../../../../x86_64-w64-mingw32/lib/../lib/libkernel32.a(libkernel32s00595.o)
                0x0000000337505f40                GetFileAttributesA
 .text          0x0000000337505f48        0x8 C:/Users/DuyThanh/mingw64/bin/../lib/gcc/x86_64-w64-mingw32/13.2.0/../../../../x86_64-w64-mingw32/lib/../lib/libkernel32.a(libkernel32s00569.o)
                0x0000000337505f48                GetDiskFreeSpaceW
 .text          0x0000000337505f50        0x8 C:/Users/DuyThanh/mingw64/bin/../lib/gcc/x86_64-w64-mingw32/13.2.0/../../../../x86_64-w64-mingw32/lib/../lib/libkernel32.a(libkernel32s00566.o)
                0x0000000337505f50                GetDiskFreeSpaceA
 .text          0x0000000337505f58        0x8 C:/Users/DuyThanh/mingw64/bin/../lib/gcc/x86_64-w64-mingw32/13.2.0/../../../../x86_64-w64-mingw32/lib/../lib/libkernel32.a(libkernel32s00554.o)
                0x0000000337505f58                GetCurrentThreadId
 .text          0x0000000337505f60        0x8 C:/Users/DuyThanh/mingw64/bin/../lib/gcc/x86_64-w64-mingw32/13.2.0/../../../../x86_64-w64-mingw32/lib/../lib/libkernel32.a(libkernel32s00550.o)
                0x0000000337505f60                GetCurrentProcessId
 .text          0x0000000337505f68        0x8 C:/Users/DuyThanh/mingw64/bin/../lib/gcc/x86_64-w64-mingw32/13.2.0/../../../../x86_64-w64-mingw32/lib/../lib/libkernel32.a(libkernel32s00549.o)
                0x0000000337505f68                GetCurrentProcess
 .text          0x0000000337505f70        0x8 C:/Users/DuyThanh/mingw64/bin/../lib/gcc/x86_64-w64-mingw32/13.2.0/../../../../x86_64-w64-mingw32/lib/../lib/libkernel32.a(libkernel32s00528.o)
                0x0000000337505f70                GetConsoleScreenBufferInfo
 .text          0x0000000337505f78        0x8 C:/Users/DuyThanh/mingw64/bin/../lib/gcc/x86_64-w64-mingw32/13.2.0/../../../../x86_64-w64-mingw32/lib/../lib/libkernel32.a(libkernel32s00522.o)
                0x0000000337505f78                GetConsoleMode
 .text          0x0000000337505f80        0x8 C:/Users/DuyThanh/mingw64/bin/../lib/gcc/x86_64-w64-mingw32/13.2.0/../../../../x86_64-w64-mingw32/lib/../lib/libkernel32.a(libkernel32s00440.o)
                0x0000000337505f80                FreeLibrary
 .text          0x0000000337505f88        0x8 C:/Users/DuyThanh/mingw64/bin/../lib/gcc/x86_64-w64-mingw32/13.2.0/../../../../x86_64-w64-mingw32/lib/../lib/libkernel32.a(libkernel32s00436.o)
                0x0000000337505f88                FormatMessageW
 .text          0x0000000337505f90        0x8 C:/Users/DuyThanh/mingw64/bin/../lib/gcc/x86_64-w64-mingw32/13.2.0/../../../../x86_64-w64-mingw32/lib/../lib/libkernel32.a(libkernel32s00435.o)
                0x0000000337505f90                FormatMessageA
 .text          0x0000000337505f98        0x8 C:/Users/DuyThanh/mingw64/bin/../lib/gcc/x86_64-w64-mingw32/13.2.0/../../../../x86_64-w64-mingw32/lib/../lib/libkernel32.a(libkernel32s00431.o)
                0x0000000337505f98                FlushViewOfFile
 .text          0x0000000337505fa0        0x8 C:/Users/DuyThanh/mingw64/bin/../lib/gcc/x86_64-w64-mingw32/13.2.0/../../../../x86_64-w64-mingw32/lib/../lib/libkernel32.a(libkernel32s00428.o)
                0x0000000337505fa0                FlushFileBuffers
 .text          0x0000000337505fa8        0x8 C:/Users/DuyThanh/mingw64/bin/../lib/gcc/x86_64-w64-mingw32/13.2.0/../../../../x86_64-w64-mingw32/lib/../lib/libkernel32.a(libkernel32s00397.o)
                0x0000000337505fa8                FindFirstFileW
 .text          0x0000000337505fb0        0x8 C:/Users/DuyThanh/mingw64/bin/../lib/gcc/x86_64-w64-mingw32/13.2.0/../../../../x86_64-w64-mingw32/lib/../lib/libkernel32.a(libkernel32s00386.o)
                0x0000000337505fb0                FindClose
 .text          0x0000000337505fb8        0x8 C:/Users/DuyThanh/mingw64/bin/../lib/gcc/x86_64-w64-mingw32/13.2.0/../../../../x86_64-w64-mingw32/lib/../lib/libkernel32.a(libkernel32s00316.o)
                0x0000000337505fb8                EnterCriticalSection
 .text          0x0000000337505fc0        0x8 C:/Users/DuyThanh/mingw64/bin/../lib/gcc/x86_64-w64-mingw32/13.2.0/../../../../x86_64-w64-mingw32/lib/../lib/libkernel32.a(libkernel32s00285.o)
                0x0000000337505fc0                DeleteFileW
 .text          0x0000000337505fc8        0x8 C:/Users/DuyThanh/mingw64/bin/../lib/gcc/x86_64-w64-mingw32/13.2.0/../../../../x86_64-w64-mingw32/lib/../lib/libkernel32.a(libkernel32s00282.o)
                0x0000000337505fc8                DeleteFileA
 .text          0x0000000337505fd0        0x8 C:/Users/DuyThanh/mingw64/bin/../lib/gcc/x86_64-w64-mingw32/13.2.0/../../../../x86_64-w64-mingw32/lib/../lib/libkernel32.a(libkernel32s00280.o)
                0x0000000337505fd0                DeleteCriticalSection
 .text          0x0000000337505fd8        0x8 C:/Users/DuyThanh/mingw64/bin/../lib/gcc/x86_64-w64-mingw32/13.2.0/../../../../x86_64-w64-mingw32/lib/../lib/libkernel32.a(libkernel32s00270.o)
                0x0000000337505fd8                DebugBreak
 .text          0x0000000337505fe0        0x8 C:/Users/DuyThanh/mingw64/bin/../lib/gcc/x86_64-w64-mingw32/13.2.0/../../../../x86_64-w64-mingw32/lib/../lib/libkernel32.a(libkernel32s00226.o)
                0x0000000337505fe0                CreateMutexW
 .text          0x0000000337505fe8        0x8 C:/Users/DuyThanh/mingw64/bin/../lib/gcc/x86_64-w64-mingw32/13.2.0/../../../../x86_64-w64-mingw32/lib/../lib/libkernel32.a(libkernel32s00211.o)
                0x0000000337505fe8                CreateFileW
 .text          0x0000000337505ff0        0x8 C:/Users/DuyThanh/mingw64/bin/../lib/gcc/x86_64-w64-mingw32/13.2.0/../../../../x86_64-w64-mingw32/lib/../lib/libkernel32.a(libkernel32s00208.o)
                0x0000000337505ff0                CreateFileMappingW
 .text          0x0000000337505ff8        0x8 C:/Users/DuyThanh/mingw64/bin/../lib/gcc/x86_64-w64-mingw32/13.2.0/../../../../x86_64-w64-mingw32/lib/../lib/libkernel32.a(libkernel32s00203.o)
                0x0000000337505ff8                CreateFileA
 .text          0x0000000337506000        0x8 C:/Users/DuyThanh/mingw64/bin/../lib/gcc/x86_64-w64-mingw32/13.2.0/../../../../x86_64-w64-mingw32/lib/../lib/libkernel32.a(libkernel32s00140.o)
                0x0000000337506000                CloseHandle
 .text          0x0000000337506008        0x8 C:/Users/DuyThanh/mingw64/bin/../lib/gcc/x86_64-w64-mingw32/13.2.0/../../../../x86_64-w64-mingw32/lib/../lib/libkernel32.a(libkernel32s00035.o)
                0x0000000337506008                AreFileApisANSI
 .text          0x0000000337506010        0x0 C:/Users/DuyThanh/mingw64/bin/../lib/gcc/x86_64-w64-mingw32/13.2.0/../../../../x86_64-w64-mingw32/lib/../lib/libkernel32.a(libkernel32h.o)
 .text          0x0000000337506010        0x0 C:/Users/DuyThanh/mingw64/bin/../lib/gcc/x86_64-w64-mingw32/13.2.0/../../../../x86_64-w64-mingw32/lib/../lib/libkernel32.a(libkernel32t.o)
 .text          0x0000000337506010        0x0 C:/Users/DuyThanh/mingw64/bin/../lib/gcc/x86_64-w64-mingw32/13.2.0/crtend.o
 *(SORT_BY_NAME(.text$*))
 *(.text.*)
 .text.startup  0x0000000337506010       0x10 C:/Users/DuyThanh/mingw64/bin/../lib/gcc/x86_64-w64-mingw32/13.2.0/crtend.o
 *(.gnu.linkonce.t.*)
 *(.glue_7t)
 *(.glue_7)
                0x0000000337506020                . = ALIGN (0x8)
                0x0000000337506020                ___CTOR_LIST__ = .
                0x0000000337506020                __CTOR_LIST__ = .
                0x0000000337506020        0x4 LONG 0xffffffffffffffff
                0x0000000337506024        0x4 LONG 0xffffffffffffffff
 *(.ctors)
 *(.ctor)
 *(SORT_BY_NAME(.ctors.*))
 .ctors.65535   0x0000000337506028        0x8 C:/Users/DuyThanh/mingw64/bin/../lib/gcc/x86_64-w64-mingw32/13.2.0/crtend.o
                0x0000000337506030        0x4 LONG 0x0
                0x0000000337506034        0x4 LONG 0x0
                0x0000000337506038                ___DTOR_LIST__ = .
                0x0000000337506038                __DTOR_LIST__ = .
                0x0000000337506038        0x4 LONG 0xffffffffffffffff
                0x000000033750603c        0x4 LONG 0xffffffffffffffff
 *(.dtors)
 *(.dtor)
 *(SORT_BY_NAME(.dtors.*))
                0x0000000337506040        0x4 LONG 0x0
                0x0000000337506044        0x4 LONG 0x0
 *(SORT_NONE(.fini))
 *(.gcc_exc)
                [!provide]                        PROVIDE (etext = .)
 *(.gcc_except_table)

.data           0x0000000337507000     0x4400
                0x0000000337507000                __data_start__ = .
 *(.data)
 .data          0x0000000337507000       0x10 C:/Users/DuyThanh/mingw64/bin/../lib/gcc/x86_64-w64-mingw32/13.2.0/../../../../x86_64-w64-mingw32/lib/../lib/dllcrt2.o
                0x0000000337507000                __mingw_module_is_dll
 .data          0x0000000337507010        0x0 C:/Users/DuyThanh/mingw64/bin/../lib/gcc/x86_64-w64-mingw32/13.2.0/crtbegin.o
 *fill*         0x0000000337507010       0x10 
 .data          0x0000000337507020      0x140 C:\Users\DuyThanh\AppData\Local\Temp\ccRJjOEn.o
                0x0000000337507020                b64invs
 .data          0x0000000337507160      0x5c0 C:\Users\DuyThanh\AppData\Local\Temp\cclGozRv.o
 .data          0x0000000337507720     0x3ac0 C:\Users\DuyThanh\AppData\Local\Temp\ccsXH6CC.o
 .data          0x000000033750b1e0       0x10 C:/Users/DuyThanh/mingw64/bin/../lib/gcc/x86_64-w64-mingw32/13.2.0/../../../../x86_64-w64-mingw32/lib/../lib/libmingw32.a(lib64_libmingw32_a-gccmain.o)
 .data          0x000000033750b1f0       0x10 C:/Users/DuyThanh/mingw64/bin/../lib/gcc/x86_64-w64-mingw32/13.2.0/../../../../x86_64-w64-mingw32/lib/../lib/libmingw32.a(lib64_libmingw32_a-natstart.o)
                0x000000033750b1f0                __native_vcclrit_reason
                0x000000033750b1f4                __native_dllmain_reason
 .data          0x000000033750b200        0x0 C:/Users/DuyThanh/mingw64/bin/../lib/gcc/x86_64-w64-mingw32/13.2.0/../../../../x86_64-w64-mingw32/lib/../lib/libmingw32.a(lib64_libmingw32_a-tlssup.o)
 .data          0x000000033750b200        0x0 C:/Users/DuyThanh/mingw64/bin/../lib/gcc/x86_64-w64-mingw32/13.2.0/../../../../x86_64-w64-mingw32/lib/../lib/libmingw32.a(lib64_libmingw32_a-cinitexe.o)
 .data          0x000000033750b200        0x0 C:/Users/DuyThanh/mingw64/bin/../lib/gcc/x86_64-w64-mingw32/13.2.0/../../../../x86_64-w64-mingw32/lib/../lib/libmingw32.a(lib64_libmingw32_a-mingw_helpers.o)
 .data          0x000000033750b200        0x0 C:/Users/DuyThanh/mingw64/bin/../lib/gcc/x86_64-w64-mingw32/13.2.0/../../../../x86_64-w64-mingw32/lib/../lib/libmingw32.a(lib64_libmingw32_a-pseudo-reloc.o)
 .data          0x000000033750b200        0x0 C:/Users/DuyThanh/mingw64/bin/../lib/gcc/x86_64-w64-mingw32/13.2.0/../../../../x86_64-w64-mingw32/lib/../lib/libmingw32.a(lib64_libmingw32_a-tlsthrd.o)
 .data          0x000000033750b200       0x10 C:/Users/DuyThanh/mingw64/bin/../lib/gcc/x86_64-w64-mingw32/13.2.0/../../../../x86_64-w64-mingw32/lib/../lib/libmingw32.a(lib64_libmingw32_a-tlsmcrt.o)
                0x000000033750b200                _CRT_MT
 .data          0x000000033750b210        0x0 C:/Users/DuyThanh/mingw64/bin/../lib/gcc/x86_64-w64-mingw32/13.2.0/../../../../x86_64-w64-mingw32/lib/../lib/libmingw32.a(lib64_libmingw32_a-exit_wrappers.o)
 .data          0x000000033750b210        0x0 C:/Users/DuyThanh/mingw64/bin/../lib/gcc/x86_64-w64-mingw32/13.2.0/../../../../x86_64-w64-mingw32/lib/../lib/libmingw32.a(lib64_libmingw32_a-pseudo-reloc-list.o)
 .data          0x000000033750b210        0x0 C:/Users/DuyThanh/mingw64/bin/../lib/gcc/x86_64-w64-mingw32/13.2.0/../../../../x86_64-w64-mingw32/lib/../lib/libmingw32.a(lib64_libmingw32_a-pesect.o)
 .data          0x000000033750b210        0x0 C:/Users/DuyThanh/mingw64/bin/../lib/gcc/x86_64-w64-mingw32/13.2.0/../../../../x86_64-w64-mingw32/lib/../lib/libmingw32.a(lib64_libmingw32_a-CRT_fp10.o)
 .data          0x000000033750b210        0x0 C:/Users/DuyThanh/mingw64/bin/../lib/gcc/x86_64-w64-mingw32/13.2.0/libgcc.a(_chkstk_ms.o)
 .data          0x000000033750b210        0x0 C:/Users/DuyThanh/mingw64/bin/../lib/gcc/x86_64-w64-mingw32/13.2.0/libgcc.a(_ctors.o)
 .data          0x000000033750b210        0x0 C:/Users/DuyThanh/mingw64/bin/../lib/gcc/x86_64-w64-mingw32/13.2.0/../../../../x86_64-w64-mingw32/lib/../lib/libmingwex.a(lib64_libmingwex_a-dllentry.o)
 .data          0x000000033750b210        0x0 C:/Users/DuyThanh/mingw64/bin/../lib/gcc/x86_64-w64-mingw32/13.2.0/../../../../x86_64-w64-mingw32/lib/../lib/libmingwex.a(lib64_libmingwex_a-dllmain.o)
 .data          0x000000033750b210       0x20 C:/Users/DuyThanh/mingw64/bin/../lib/gcc/x86_64-w64-mingw32/13.2.0/../../../../x86_64-w64-mingw32/lib/../lib/libmingwex.a(lib64_libmingwex_a-strtodnrp.o)
 .data          0x000000033750b230        0x0 C:/Users/DuyThanh/mingw64/bin/../lib/gcc/x86_64-w64-mingw32/13.2.0/../../../../x86_64-w64-mingw32/lib/../lib/libmingwex.a(lib64_libmingwex_a-dirent.o)
 .data          0x000000033750b230        0x0 C:/Users/DuyThanh/mingw64/bin/../lib/gcc/x86_64-w64-mingw32/13.2.0/../../../../x86_64-w64-mingw32/lib/../lib/libmingwex.a(lib64_libmingwex_a-mingw_vfprintf.o)
 .data          0x000000033750b230        0x0 C:/Users/DuyThanh/mingw64/bin/../lib/gcc/x86_64-w64-mingw32/13.2.0/../../../../x86_64-w64-mingw32/lib/../lib/libmingwex.a(lib64_libmingwex_a-mingw_vfscanf.o)
 .data          0x000000033750b230        0x0 C:/Users/DuyThanh/mingw64/bin/../lib/gcc/x86_64-w64-mingw32/13.2.0/../../../../x86_64-w64-mingw32/lib/../lib/libmingwex.a(lib64_libmingwex_a-strtodg.o)
 .data          0x000000033750b230       0x20 C:/Users/DuyThanh/mingw64/bin/../lib/gcc/x86_64-w64-mingw32/13.2.0/../../../../x86_64-w64-mingw32/lib/../lib/libmingwex.a(lib64_libmingwex_a-strtof.o)
 .data          0x000000033750b250       0x20 C:/Users/DuyThanh/mingw64/bin/../lib/gcc/x86_64-w64-mingw32/13.2.0/../../../../x86_64-w64-mingw32/lib/../lib/libmingwex.a(lib64_libmingwex_a-strtopx.o)
 .data          0x000000033750b270        0x0 C:/Users/DuyThanh/mingw64/bin/../lib/gcc/x86_64-w64-mingw32/13.2.0/../../../../x86_64-w64-mingw32/lib/../lib/libmingwex.a(lib64_libmingwex_a-sum.o)
 .data          0x000000033750b270       0x20 C:/Users/DuyThanh/mingw64/bin/../lib/gcc/x86_64-w64-mingw32/13.2.0/../../../../x86_64-w64-mingw32/lib/../lib/libmingwex.a(lib64_libmingwex_a-mingw_pformat.o)
 .data          0x000000033750b290        0x0 C:/Users/DuyThanh/mingw64/bin/../lib/gcc/x86_64-w64-mingw32/13.2.0/../../../../x86_64-w64-mingw32/lib/../lib/libmingwex.a(lib64_libmingwex_a-dmisc.o)
 .data          0x000000033750b290        0x0 C:/Users/DuyThanh/mingw64/bin/../lib/gcc/x86_64-w64-mingw32/13.2.0/../../../../x86_64-w64-mingw32/lib/../lib/libmingwex.a(lib64_libmingwex_a-gdtoa.o)
 .data          0x000000033750b290        0x0 C:/Users/DuyThanh/mingw64/bin/../lib/gcc/x86_64-w64-mingw32/13.2.0/../../../../x86_64-w64-mingw32/lib/../lib/libmingwex.a(lib64_libmingwex_a-gethex.o)
 .data          0x000000033750b290        0x0 C:/Users/DuyThanh/mingw64/bin/../lib/gcc/x86_64-w64-mingw32/13.2.0/../../../../x86_64-w64-mingw32/lib/../lib/libmingwex.a(lib64_libmingwex_a-gmisc.o)
 .data          0x000000033750b290        0x0 C:/Users/DuyThanh/mingw64/bin/../lib/gcc/x86_64-w64-mingw32/13.2.0/../../../../x86_64-w64-mingw32/lib/../lib/libmingwex.a(lib64_libmingwex_a-hd_init.o)
 .data          0x000000033750b290        0x0 C:/Users/DuyThanh/mingw64/bin/../lib/gcc/x86_64-w64-mingw32/13.2.0/../../../../x86_64-w64-mingw32/lib/../lib/libmingwex.a(lib64_libmingwex_a-hexnan.o)
 .data          0x000000033750b290       0x10 C:/Users/DuyThanh/mingw64/bin/../lib/gcc/x86_64-w64-mingw32/13.2.0/../../../../x86_64-w64-mingw32/lib/../lib/libmingwex.a(lib64_libmingwex_a-misc.o)
 .data          0x000000033750b2a0        0x0 C:/Users/DuyThanh/mingw64/bin/../lib/gcc/x86_64-w64-mingw32/13.2.0/../../../../x86_64-w64-mingw32/lib/../lib/libmingwex.a(lib64_libmingwex_a-smisc.o)